This is LuaHBTeX, Version 1.24.0 (TeX Live 2026)  (format=lualatex 2026.4.24)  24 APR 2026 13:52
 restricted system commands enabled.
**index.tex
(./index.tex
LaTeX2e <2025-11-01>
L3 programming layer <2026-03-20>
Lua module: luaotfload 2024-12-03 v3.29 Lua based OpenType font support
Lua module: lualibs 2023-07-13 v2.76 ConTeXt Lua standard libraries.
Lua module: lualibs-extended 2023-07-13 v2.76 ConTeXt Lua libraries -- extended collection.
luaotfload | conf : Root cache directory is "C:/Users/tw542/AppData/Roaming/TinyTeX/texmf-var/luatex-cache/generic/names".
luaotfload | init : Loading fontloader "fontloader-2023-12-28.lua" from kpse-resolved path "c:/Users/tw542/AppData/Roaming/TinyTeX/texmf-dist/tex/luatex/luaotfload/fontloader-2023-12-28.lua".
Lua-only attribute luaotfload@noligature = 1
luaotfload | init : Context OpenType loader version 3.134
Inserting `luaotfload.node_processor' in `pre_linebreak_filter'.
Inserting `luaotfload.node_processor' in `hpack_filter'.
Inserting `luaotfload.glyph_stream' in `glyph_stream_provider'.
Inserting `luaotfload.define_font' in `define_font'.
Lua-only attribute luaotfload_color_attribute = 2
luaotfload | conf : Root cache directory is "C:/Users/tw542/AppData/Roaming/TinyTeX/texmf-var/luatex-cache/generic/names".
Inserting `luaotfload.harf.strip_prefix' in `find_opentype_file'.
Inserting `luaotfload.harf.strip_prefix' in `find_truetype_file'.
Removing  `luaotfload.glyph_stream' from `glyph_stream_provider'.
Inserting `luaotfload.harf.glyphstream' in `glyph_stream_provider'.
Inserting `luaotfload.harf.finalize_vlist' in `post_linebreak_filter'.
Inserting `luaotfload.harf.finalize_hlist' in `hpack_filter'.
Inserting `luaotfload.cleanup_files' in `wrapup_run'.
Inserting `luaotfload.harf.finalize_unicode' in `finish_pdffile'.
Inserting `luaotfload.glyphinfo' in `glyph_info'.
Lua-only attribute luaotfload.letterspace_done = 3
Inserting `luaotfload.aux.set_sscale_dimens' in `luaotfload.patch_font'.
Inserting `luaotfload.aux.set_font_index' in `luaotfload.patch_font'.
Inserting `luaotfload.aux.patch_cambria_domh' in `luaotfload.patch_font'.
Inserting `luaotfload.aux.fixup_fontdata' in `luaotfload.patch_font_unsafe'.
Inserting `luaotfload.aux.set_capheight' in `luaotfload.patch_font'.
Inserting `luaotfload.aux.set_xheight' in `luaotfload.patch_font'.
Inserting `luaotfload.rewrite_fontname' in `luaotfload.patch_font'.
Inserting `tracingstacklevels' in `input_level_string'. (c:/Users/tw542/AppData/Roaming/TinyTeX/texmf-dist/tex/latex/koma-script/scrreprt.cls
Document Class: scrreprt 2026/02/02 v3.49.2 KOMA-Script document class (report)
(c:/Users/tw542/AppData/Roaming/TinyTeX/texmf-dist/tex/latex/koma-script/scrkbase.sty
Package: scrkbase 2026/02/02 v3.49.2 KOMA-Script package (KOMA-Script-dependent basics and keyval usage)
(c:/Users/tw542/AppData/Roaming/TinyTeX/texmf-dist/tex/latex/koma-script/scrbase.sty
Package: scrbase 2026/02/02 v3.49.2 KOMA-Script package (KOMA-Script-independent basics and keyval usage)
(c:/Users/tw542/AppData/Roaming/TinyTeX/texmf-dist/tex/latex/koma-script/scrlfile.sty
Package: scrlfile 2026/02/02 v3.49.2 KOMA-Script package (file load hooks)
(c:/Users/tw542/AppData/Roaming/TinyTeX/texmf-dist/tex/latex/koma-script/scrlfile-hook.sty
Package: scrlfile-hook 2026/02/02 v3.49.2 KOMA-Script package (using LaTeX hooks)
(c:/Users/tw542/AppData/Roaming/TinyTeX/texmf-dist/tex/latex/koma-script/scrlogo.sty
Package: scrlogo 2026/02/02 v3.49.2 KOMA-Script package (logo)
))) (c:/Users/tw542/AppData/Roaming/TinyTeX/texmf-dist/tex/latex/graphics/keyval.sty
Package: keyval 2022/05/29 v1.15 key=value parser (DPC)
\KV@toks@=\toks17
)
Applying: [2021/05/01] Usage of raw or classic option list on input line 254.
Already applied: [0000/00/00] Usage of raw or classic option list on input line 370.
)) (c:/Users/tw542/AppData/Roaming/TinyTeX/texmf-dist/tex/latex/koma-script/tocbasic.sty
Package: tocbasic 2026/02/02 v3.49.2 KOMA-Script package (handling toc-files)
\scr@dte@tocline@numberwidth=\skip49
\scr@dte@tocline@numbox=\box53
)
Package tocbasic Info: omitting babel extension for `toc'
(tocbasic)             because of feature `nobabel' available
(tocbasic)             for `toc' on input line 143.
Class scrreprt Info: File `scrsize11pt.clo' used instead of
(scrreprt)           file `scrsize11.clo' to setup font sizes on input line 2710.
(c:/Users/tw542/AppData/Roaming/TinyTeX/texmf-dist/tex/latex/koma-script/scrsize11pt.clo
File: scrsize11pt.clo 2026/02/02 v3.49.2 KOMA-Script font size class option (11pt)
luaotfload | db : Font names database loaded from C:/Users/tw542/AppData/Roaming/TinyTeX/texmf-var/luatex-cache/generic/names/luaotfload-names.luc.gz) (c:/Users/tw542/AppData/Roaming/TinyTeX/texmf-dist/tex/latex/koma-script/typearea.sty
Package: typearea 2026/02/02 v3.49.2 KOMA-Script package (type area)
\ta@bcor=\skip50
\ta@div=\count273
Package typearea Info: You've used standard option `letterpaper'.
(typearea)             This is correct!
(typearea)             Internally I'm using `paper=letter'.
(typearea)             If you'd like to set the option with \KOMAoptions,
(typearea)             you'd have to use `paper=letter' there
(typearea)             instead of `letterpaper', too.
\ta@hblk=\skip51
\ta@vblk=\skip52
\ta@temp=\skip53
\footheight=\skip54
Package typearea Info: These are the values describing the layout:
(typearea)             DIV  = 11
(typearea)             BCOR = 0.0pt
(typearea)             \paperwidth      = 614.295pt
(typearea)              \textwidth      = 446.76004pt
(typearea)              DIV departure   = -14%
(typearea)              \evensidemargin = 11.49748pt
(typearea)              \oddsidemargin  = 11.49748pt
(typearea)             \paperheight     = 794.96999pt
(typearea)              \textheight     = 582.20026pt
(typearea)              \topmargin      = -37.40001pt
(typearea)              \headheight     = 17.0pt
(typearea)              \headsep        = 20.40001pt
(typearea)              \topskip        = 11.0pt
(typearea)              \footskip       = 47.6pt
(typearea)              \baselineskip   = 13.6pt
(typearea)              on input line 1810.
)
\c_scrreprt_cmdhook_cctab=\catcodetable14
\c@part=\count274
\c@chapter=\count275
\c@section=\count276
\c@subsection=\count277
\c@subsubsection=\count278
\c@paragraph=\count279
\c@subparagraph=\count280
\scr@dte@chapter@maxnumwidth=\skip55
Class scrreprt Info: using compatibility default `afterindent=bysign'
(scrreprt)           for `\chapter on input line 5934.
\scr@dte@section@maxnumwidth=\skip56
Class scrreprt Info: using compatibility default `runin=bysign'
(scrreprt)           for `\section on input line 5945.
Class scrreprt Info: using compatibility default `afterindent=bysign'
(scrreprt)           for `\section on input line 5945.
\scr@dte@part@maxnumwidth=\skip57
Class scrreprt Info: using compatibility default `afterindent=true'
(scrreprt)           for `\part on input line 5954.
\scr@dte@subsection@maxnumwidth=\skip58
Class scrreprt Info: using compatibility default `runin=bysign'
(scrreprt)           for `\subsection on input line 5964.
Class scrreprt Info: using compatibility default `afterindent=bysign'
(scrreprt)           for `\subsection on input line 5964.
\scr@dte@subsubsection@maxnumwidth=\skip59
Class scrreprt Info: using compatibility default `runin=bysign'
(scrreprt)           for `\subsubsection on input line 5974.
Class scrreprt Info: using compatibility default `afterindent=bysign'
(scrreprt)           for `\subsubsection on input line 5974.
\scr@dte@paragraph@maxnumwidth=\skip60
Class scrreprt Info: using compatibility default `runin=bysign'
(scrreprt)           for `\paragraph on input line 5985.
Class scrreprt Info: using compatibility default `afterindent=bysign'
(scrreprt)           for `\paragraph on input line 5985.
\scr@dte@subparagraph@maxnumwidth=\skip61
Class scrreprt Info: using compatibility default `runin=bysign'
(scrreprt)           for `\subparagraph on input line 5995.
Class scrreprt Info: using compatibility default `afterindent=bysign'
(scrreprt)           for `\subparagraph on input line 5995.
\abovecaptionskip=\skip62
\belowcaptionskip=\skip63
\c@pti@nb@sid@b@x=\box54
Package tocbasic Info: omitting babel extension for `lof'
(tocbasic)             because of feature `nobabel' available
(tocbasic)             for `lof' on input line 7225.
\scr@dte@figure@maxnumwidth=\skip64
\c@figure=\count281
Package tocbasic Info: omitting babel extension for `lot'
(tocbasic)             because of feature `nobabel' available
(tocbasic)             for `lot' on input line 7238.
\scr@dte@table@maxnumwidth=\skip65
\c@table=\count282
Class scrreprt Info: Redefining `\numberline' on input line 7409.
\bibindent=\dimen149
) (c:/Users/tw542/AppData/Roaming/TinyTeX/texmf-dist/tex/latex/xcolor/xcolor.sty
Package: xcolor 2024/09/29 v3.02 LaTeX color extensions (UK)
(c:/Users/tw542/AppData/Roaming/TinyTeX/texmf-dist/tex/latex/graphics-cfg/color.cfg
File: color.cfg 2016/01/02 v1.6 sample color configuration
)
Package xcolor Info: Driver file: luatex.def on input line 274.
(c:/Users/tw542/AppData/Roaming/TinyTeX/texmf-dist/tex/latex/graphics-def/luatex.def
File: luatex.def 2025/09/29 v1.2f Graphics/color driver for luatex
) (c:/Users/tw542/AppData/Roaming/TinyTeX/texmf-dist/tex/latex/graphics/mathcolor.ltx)
Package xcolor Info: Model `cmy' substituted by `cmy0' on input line 1349.
Package xcolor Info: Model `hsb' substituted by `rgb' on input line 1353.
Package xcolor Info: Model `RGB' extended on input line 1365.
Package xcolor Info: Model `HTML' substituted by `rgb' on input line 1367.
Package xcolor Info: Model `Hsb' substituted by `hsb' on input line 1368.
Package xcolor Info: Model `tHsb' substituted by `hsb' on input line 1369.
Package xcolor Info: Model `HSB' substituted by `hsb' on input line 1370.
Package xcolor Info: Model `Gray' substituted by `gray' on input line 1371.
Package xcolor Info: Model `wave' substituted by `hsb' on input line 1372.
) (c:/Users/tw542/AppData/Roaming/TinyTeX/texmf-dist/tex/latex/graphics/dvipsnam.def
File: dvipsnam.def 2016/06/17 v3.0m Driver-dependent file (DPC,SPQR)
) (c:/Users/tw542/AppData/Roaming/TinyTeX/texmf-dist/tex/latex/xcolor/svgnam.def
File: svgnam.def 2024/09/29 v3.02 Predefined colors according to SVG 1.1 (UK)
) (c:/Users/tw542/AppData/Roaming/TinyTeX/texmf-dist/tex/latex/xcolor/x11nam.def
File: x11nam.def 2024/09/29 v3.02 Predefined colors according to Unix/X11 (UK)
) (c:/Users/tw542/AppData/Roaming/TinyTeX/texmf-dist/tex/latex/amsmath/amsmath.sty
Package: amsmath 2025/07/09 v2.17z AMS math features
\@mathmargin=\skip66
For additional information on amsmath, use the `?' option.
(c:/Users/tw542/AppData/Roaming/TinyTeX/texmf-dist/tex/latex/amsmath/amstext.sty
Package: amstext 2024/11/17 v2.01 AMS text
(c:/Users/tw542/AppData/Roaming/TinyTeX/texmf-dist/tex/latex/amsmath/amsgen.sty
File: amsgen.sty 1999/11/30 v2.0 generic functions
\@emptytoks=\toks18
\ex@=\dimen150
)) (c:/Users/tw542/AppData/Roaming/TinyTeX/texmf-dist/tex/latex/amsmath/amsbsy.sty
Package: amsbsy 1999/11/29 v1.2d Bold Symbols
\pmbraise@=\dimen151
) (c:/Users/tw542/AppData/Roaming/TinyTeX/texmf-dist/tex/latex/amsmath/amsopn.sty
Package: amsopn 2022/04/08 v2.04 operator names
)
\inf@bad=\count283
LaTeX Info: Redefining \frac on input line 235.
\uproot@=\count284
\leftroot@=\count285
LaTeX Info: Redefining \overline on input line 398.
LaTeX Info: Redefining \colon on input line 409.
\classnum@=\count286
\DOTSCASE@=\count287
LaTeX Info: Redefining \ldots on input line 495.
LaTeX Info: Redefining \dots on input line 498.
LaTeX Info: Redefining \cdots on input line 619.
\Mathstrutbox@=\box55
\strutbox@=\box56
LaTeX Info: Redefining \big on input line 721.
LaTeX Info: Redefining \Big on input line 722.
LaTeX Info: Redefining \bigg on input line 723.
LaTeX Info: Redefining \Bigg on input line 724.
\big@size=\dimen152
LaTeX Font Info:    Redeclaring font encoding OML on input line 742.
LaTeX Font Info:    Redeclaring font encoding OMS on input line 743.
\macc@depth=\count288
LaTeX Info: Redefining \bmod on input line 904.
LaTeX Info: Redefining \pmod on input line 909.
LaTeX Info: Redefining \smash on input line 939.
LaTeX Info: Redefining \relbar on input line 969.
LaTeX Info: Redefining \Relbar on input line 970.
\c@MaxMatrixCols=\count289
\dotsspace@=\muskip17
\c@parentequation=\count290
\dspbrk@lvl=\count291
\tag@help=\toks19
\row@=\count292
\column@=\count293
\maxfields@=\count294
\andhelp@=\toks20
\eqnshift@=\dimen153
\alignsep@=\dimen154
\tagshift@=\dimen155
\tagwidth@=\dimen156
\totwidth@=\dimen157
\lineht@=\dimen158
\@envbody=\toks21
\multlinegap=\skip67
\multlinetaggap=\skip68
\mathdisplay@stack=\toks22
LaTeX Info: Redefining \[ on input line 2950.
LaTeX Info: Redefining \] on input line 2951.
) (c:/Users/tw542/AppData/Roaming/TinyTeX/texmf-dist/tex/latex/amsfonts/amssymb.sty
Package: amssymb 2013/01/14 v3.01 AMS font symbols
(c:/Users/tw542/AppData/Roaming/TinyTeX/texmf-dist/tex/latex/amsfonts/amsfonts.sty
Package: amsfonts 2013/01/14 v3.01 Basic AMSFonts support
\symAMSa=\mathgroup4
\symAMSb=\mathgroup5
LaTeX Font Info:    Redeclaring math symbol \hbar on input line 98.
LaTeX Font Info:    Overwriting math alphabet `\mathfrak' in version `bold'
(Font)                  U/euf/m/n --> U/euf/b/n on input line 106.
)) (c:/Users/tw542/AppData/Roaming/TinyTeX/texmf-dist/tex/generic/iftex/iftex.sty
Package: iftex 2024/12/12 v1.0g TeX engine tests
) (c:/Users/tw542/AppData/Roaming/TinyTeX/texmf-dist/tex/latex/unicode-math/unicode-math.sty (c:/Users/tw542/AppData/Roaming/TinyTeX/texmf-dist/tex/latex/l3kernel/expl3.sty
Package: expl3 2026-03-20 L3 programming layer (loader) 
(c:/Users/tw542/AppData/Roaming/TinyTeX/texmf-dist/tex/latex/l3backend/l3backend-luatex.def
File: l3backend-luatex.def 2026-02-18 L3 backend support: PDF output (LuaTeX)
\l__color_backend_stack_int=\count295
Inserting `l3color' in `luaotfload.parse_color'.))
Package: unicode-math 2023/08/13 v0.8r Unicode maths in XeLaTeX and LuaLaTeX
(c:/Users/tw542/AppData/Roaming/TinyTeX/texmf-dist/tex/latex/unicode-math/unicode-math-luatex.sty
Package: unicode-math-luatex 2023/08/13 v0.8r Unicode maths in XeLaTeX and LuaLaTeX
(c:/Users/tw542/AppData/Roaming/TinyTeX/texmf-dist/tex/latex/l3packages/xparse/xparse.sty
Package: xparse 2025-10-09 L3 Experimental document command parser
) (c:/Users/tw542/AppData/Roaming/TinyTeX/texmf-dist/tex/latex/l3packages/l3keys2e/l3keys2e.sty
Package: l3keys2e 2025-10-09 LaTeX2e option processing using LaTeX3 keys
) (c:/Users/tw542/AppData/Roaming/TinyTeX/texmf-dist/tex/latex/fontspec/fontspec.sty
Package: fontspec 2025/09/29 v2.9g Font selection for XeLaTeX and LuaLaTeX
Lua module: fontspec 2025/09/29 v2.9g Font selection for XeLaTeX and LuaLaTeX (c:/Users/tw542/AppData/Roaming/TinyTeX/texmf-dist/tex/latex/fontspec/fontspec-luatex.sty
Package: fontspec-luatex 2025/09/29 v2.9g Font selection for XeLaTeX and LuaLaTeX
\l__fontspec_script_int=\count296
\l__fontspec_language_int=\count297
\l__fontspec_strnum_int=\count298
\l__fontspec_tmp_int=\count299
\l__fontspec_tmpa_int=\count300
\l__fontspec_tmpb_int=\count301
\l__fontspec_tmpc_int=\count302
\l__fontspec_em_int=\count303
\l__fontspec_emdef_int=\count304
\l__fontspec_strong_int=\count305
\l__fontspec_strongdef_int=\count306
\l__fontspec_tmpa_dim=\dimen159
\l__fontspec_tmpb_dim=\dimen160
\l__fontspec_tmpc_dim=\dimen161
(c:/Users/tw542/AppData/Roaming/TinyTeX/texmf-dist/tex/latex/base/fontenc.sty
Package: fontenc 2025/07/18 v2.1d Standard LaTeX package
) (c:/Users/tw542/AppData/Roaming/TinyTeX/texmf-dist/tex/latex/fontspec/fontspec.cfg))) (c:/Users/tw542/AppData/Roaming/TinyTeX/texmf-dist/tex/latex/base/fix-cm.sty
Package: fix-cm 2020/11/24 v1.1t fixes to LaTeX
(c:/Users/tw542/AppData/Roaming/TinyTeX/texmf-dist/tex/latex/base/ts1enc.def
File: ts1enc.def 2001/06/05 v3.0e (jk/car/fm) Standard LaTeX file
LaTeX Font Info:    Redeclaring font encoding TS1 on input line 47.
LaTeX Encoding Info:    Redeclaring text command \capitalcedilla (encoding TS1) on input line 49.
LaTeX Encoding Info:    Redeclaring text command \capitalogonek (encoding TS1) on input line 52.
LaTeX Encoding Info:    Redeclaring text command \capitalgrave (encoding TS1) on input line 55.
LaTeX Encoding Info:    Redeclaring text command \capitalacute (encoding TS1) on input line 56.
LaTeX Encoding Info:    Redeclaring text command \capitalcircumflex (encoding TS1) on input line 57.
LaTeX Encoding Info:    Redeclaring text command \capitaltilde (encoding TS1) on input line 58.
LaTeX Encoding Info:    Redeclaring text command \capitaldieresis (encoding TS1) on input line 59.
LaTeX Encoding Info:    Redeclaring text command \capitalhungarumlaut (encoding TS1) on input line 60.
LaTeX Encoding Info:    Redeclaring text command \capitalring (encoding TS1) on input line 61.
LaTeX Encoding Info:    Redeclaring text command \capitalcaron (encoding TS1) on input line 62.
LaTeX Encoding Info:    Redeclaring text command \capitalbreve (encoding TS1) on input line 63.
LaTeX Encoding Info:    Redeclaring text command \capitalmacron (encoding TS1) on input line 64.
LaTeX Encoding Info:    Redeclaring text command \capitaldotaccent (encoding TS1) on input line 65.
LaTeX Encoding Info:    Redeclaring text command \t (encoding TS1) on input line 66.
LaTeX Encoding Info:    Redeclaring text command \capitaltie (encoding TS1) on input line 67.
LaTeX Encoding Info:    Redeclaring text command \newtie (encoding TS1) on input line 68.
LaTeX Encoding Info:    Redeclaring text command \capitalnewtie (encoding TS1) on input line 69.
LaTeX Encoding Info:    Redeclaring text symbol \textcapitalcompwordmark (encoding TS1) on input line 70.
LaTeX Encoding Info:    Redeclaring text symbol \textascendercompwordmark (encoding TS1) on input line 71.
LaTeX Encoding Info:    Redeclaring text symbol \textquotestraightbase (encoding TS1) on input line 72.
LaTeX Encoding Info:    Redeclaring text symbol \textquotestraightdblbase (encoding TS1) on input line 73.
LaTeX Encoding Info:    Redeclaring text symbol \texttwelveudash (encoding TS1) on input line 74.
LaTeX Encoding Info:    Redeclaring text symbol \textthreequartersemdash (encoding TS1) on input line 75.
LaTeX Encoding Info:    Redeclaring text symbol \textleftarrow (encoding TS1) on input line 76.
LaTeX Encoding Info:    Redeclaring text symbol \textrightarrow (encoding TS1) on input line 77.
LaTeX Encoding Info:    Redeclaring text symbol \textblank (encoding TS1) on input line 78.
LaTeX Encoding Info:    Redeclaring text symbol \textdollar (encoding TS1) on input line 79.
LaTeX Encoding Info:    Redeclaring text symbol \textquotesingle (encoding TS1) on input line 80.
LaTeX Encoding Info:    Redeclaring text command \textasteriskcentered (encoding TS1) on input line 81.
LaTeX Encoding Info:    Redeclaring text symbol \textdblhyphen (encoding TS1) on input line 92.
LaTeX Encoding Info:    Redeclaring text symbol \textfractionsolidus (encoding TS1) on input line 93.
LaTeX Encoding Info:    Redeclaring text symbol \textzerooldstyle (encoding TS1) on input line 94.
LaTeX Encoding Info:    Redeclaring text symbol \textoneoldstyle (encoding TS1) on input line 95.
LaTeX Encoding Info:    Redeclaring text symbol \texttwooldstyle (encoding TS1) on input line 96.
LaTeX Encoding Info:    Redeclaring text symbol \textthreeoldstyle (encoding TS1) on input line 97.
LaTeX Encoding Info:    Redeclaring text symbol \textfouroldstyle (encoding TS1) on input line 98.
LaTeX Encoding Info:    Redeclaring text symbol \textfiveoldstyle (encoding TS1) on input line 99.
LaTeX Encoding Info:    Redeclaring text symbol \textsixoldstyle (encoding TS1) on input line 100.
LaTeX Encoding Info:    Redeclaring text symbol \textsevenoldstyle (encoding TS1) on input line 101.
LaTeX Encoding Info:    Redeclaring text symbol \texteightoldstyle (encoding TS1) on input line 102.
LaTeX Encoding Info:    Redeclaring text symbol \textnineoldstyle (encoding TS1) on input line 103.
LaTeX Encoding Info:    Redeclaring text symbol \textlangle (encoding TS1) on input line 104.
LaTeX Encoding Info:    Redeclaring text symbol \textminus (encoding TS1) on input line 105.
LaTeX Encoding Info:    Redeclaring text symbol \textrangle (encoding TS1) on input line 106.
LaTeX Encoding Info:    Redeclaring text symbol \textmho (encoding TS1) on input line 107.
LaTeX Encoding Info:    Redeclaring text symbol \textbigcircle (encoding TS1) on input line 108.
LaTeX Encoding Info:    Redeclaring text command \textcircled (encoding TS1) on input line 109.
LaTeX Encoding Info:    Redeclaring text symbol \textohm (encoding TS1) on input line 115.
LaTeX Encoding Info:    Redeclaring text symbol \textlbrackdbl (encoding TS1) on input line 116.
LaTeX Encoding Info:    Redeclaring text symbol \textrbrackdbl (encoding TS1) on input line 117.
LaTeX Encoding Info:    Redeclaring text symbol \textuparrow (encoding TS1) on input line 118.
LaTeX Encoding Info:    Redeclaring text symbol \textdownarrow (encoding TS1) on input line 119.
LaTeX Encoding Info:    Redeclaring text symbol \textasciigrave (encoding TS1) on input line 120.
LaTeX Encoding Info:    Redeclaring text symbol \textborn (encoding TS1) on input line 121.
LaTeX Encoding Info:    Redeclaring text symbol \textdivorced (encoding TS1) on input line 122.
LaTeX Encoding Info:    Redeclaring text symbol \textdied (encoding TS1) on input line 123.
LaTeX Encoding Info:    Redeclaring text symbol \textleaf (encoding TS1) on input line 124.
LaTeX Encoding Info:    Redeclaring text symbol \textmarried (encoding TS1) on input line 125.
LaTeX Encoding Info:    Redeclaring text symbol \textmusicalnote (encoding TS1) on input line 126.
LaTeX Encoding Info:    Redeclaring text symbol \texttildelow (encoding TS1) on input line 127.
LaTeX Encoding Info:    Redeclaring text symbol \textdblhyphenchar (encoding TS1) on input line 128.
LaTeX Encoding Info:    Redeclaring text symbol \textasciibreve (encoding TS1) on input line 129.
LaTeX Encoding Info:    Redeclaring text symbol \textasciicaron (encoding TS1) on input line 130.
LaTeX Encoding Info:    Redeclaring text symbol \textacutedbl (encoding TS1) on input line 131.
LaTeX Encoding Info:    Redeclaring text symbol \textgravedbl (encoding TS1) on input line 132.
LaTeX Encoding Info:    Redeclaring text symbol \textdagger (encoding TS1) on input line 133.
LaTeX Encoding Info:    Redeclaring text symbol \textdaggerdbl (encoding TS1) on input line 134.
LaTeX Encoding Info:    Redeclaring text symbol \textbardbl (encoding TS1) on input line 135.
LaTeX Encoding Info:    Redeclaring text symbol \textperthousand (encoding TS1) on input line 136.
LaTeX Encoding Info:    Redeclaring text symbol \textbullet (encoding TS1) on input line 137.
LaTeX Encoding Info:    Redeclaring text symbol \textcelsius (encoding TS1) on input line 138.
LaTeX Encoding Info:    Redeclaring text symbol \textdollaroldstyle (encoding TS1) on input line 139.
LaTeX Encoding Info:    Redeclaring text symbol \textcentoldstyle (encoding TS1) on input line 140.
LaTeX Encoding Info:    Redeclaring text symbol \textflorin (encoding TS1) on input line 141.
LaTeX Encoding Info:    Redeclaring text symbol \textcolonmonetary (encoding TS1) on input line 142.
LaTeX Encoding Info:    Redeclaring text symbol \textwon (encoding TS1) on input line 143.
LaTeX Encoding Info:    Redeclaring text symbol \textnaira (encoding TS1) on input line 144.
LaTeX Encoding Info:    Redeclaring text symbol \textguarani (encoding TS1) on input line 145.
LaTeX Encoding Info:    Redeclaring text symbol \textpeso (encoding TS1) on input line 146.
LaTeX Encoding Info:    Redeclaring text symbol \textlira (encoding TS1) on input line 147.
LaTeX Encoding Info:    Redeclaring text symbol \textrecipe (encoding TS1) on input line 148.
LaTeX Encoding Info:    Redeclaring text symbol \textinterrobang (encoding TS1) on input line 149.
LaTeX Encoding Info:    Redeclaring text symbol \textinterrobangdown (encoding TS1) on input line 150.
LaTeX Encoding Info:    Redeclaring text symbol \textdong (encoding TS1) on input line 151.
LaTeX Encoding Info:    Redeclaring text symbol \texttrademark (encoding TS1) on input line 152.
LaTeX Encoding Info:    Redeclaring text symbol \textpertenthousand (encoding TS1) on input line 153.
LaTeX Encoding Info:    Redeclaring text symbol \textpilcrow (encoding TS1) on input line 154.
LaTeX Encoding Info:    Redeclaring text symbol \textbaht (encoding TS1) on input line 155.
LaTeX Encoding Info:    Redeclaring text symbol \textnumero (encoding TS1) on input line 156.
LaTeX Encoding Info:    Redeclaring text symbol \textdiscount (encoding TS1) on input line 157.
LaTeX Encoding Info:    Redeclaring text symbol \textestimated (encoding TS1) on input line 158.
LaTeX Encoding Info:    Redeclaring text symbol \textopenbullet (encoding TS1) on input line 159.
LaTeX Encoding Info:    Redeclaring text symbol \textservicemark (encoding TS1) on input line 160.
LaTeX Encoding Info:    Redeclaring text symbol \textlquill (encoding TS1) on input line 161.
LaTeX Encoding Info:    Redeclaring text symbol \textrquill (encoding TS1) on input line 162.
LaTeX Encoding Info:    Redeclaring text symbol \textcent (encoding TS1) on input line 163.
LaTeX Encoding Info:    Redeclaring text symbol \textsterling (encoding TS1) on input line 164.
LaTeX Encoding Info:    Redeclaring text symbol \textcurrency (encoding TS1) on input line 165.
LaTeX Encoding Info:    Redeclaring text symbol \textyen (encoding TS1) on input line 166.
LaTeX Encoding Info:    Redeclaring text symbol \textbrokenbar (encoding TS1) on input line 167.
LaTeX Encoding Info:    Redeclaring text symbol \textsection (encoding TS1) on input line 168.
LaTeX Encoding Info:    Redeclaring text symbol \textasciidieresis (encoding TS1) on input line 169.
LaTeX Encoding Info:    Redeclaring text symbol \textcopyright (encoding TS1) on input line 170.
LaTeX Encoding Info:    Redeclaring text symbol \textordfeminine (encoding TS1) on input line 171.
LaTeX Encoding Info:    Redeclaring text symbol \textcopyleft (encoding TS1) on input line 172.
LaTeX Encoding Info:    Redeclaring text symbol \textlnot (encoding TS1) on input line 173.
LaTeX Encoding Info:    Redeclaring text symbol \textcircledP (encoding TS1) on input line 174.
LaTeX Encoding Info:    Redeclaring text symbol \textregistered (encoding TS1) on input line 175.
LaTeX Encoding Info:    Redeclaring text symbol \textasciimacron (encoding TS1) on input line 176.
LaTeX Encoding Info:    Redeclaring text symbol \textdegree (encoding TS1) on input line 177.
LaTeX Encoding Info:    Redeclaring text symbol \textpm (encoding TS1) on input line 178.
LaTeX Encoding Info:    Redeclaring text symbol \texttwosuperior (encoding TS1) on input line 179.
LaTeX Encoding Info:    Redeclaring text symbol \textthreesuperior (encoding TS1) on input line 180.
LaTeX Encoding Info:    Redeclaring text symbol \textasciiacute (encoding TS1) on input line 181.
LaTeX Encoding Info:    Redeclaring text symbol \textmu (encoding TS1) on input line 182.
LaTeX Encoding Info:    Redeclaring text symbol \textparagraph (encoding TS1) on input line 183.
LaTeX Encoding Info:    Redeclaring text symbol \textperiodcentered (encoding TS1) on input line 184.
LaTeX Encoding Info:    Redeclaring text symbol \textreferencemark (encoding TS1) on input line 185.
LaTeX Encoding Info:    Redeclaring text symbol \textonesuperior (encoding TS1) on input line 186.
LaTeX Encoding Info:    Redeclaring text symbol \textordmasculine (encoding TS1) on input line 187.
LaTeX Encoding Info:    Redeclaring text symbol \textsurd (encoding TS1) on input line 188.
LaTeX Encoding Info:    Redeclaring text symbol \textonequarter (encoding TS1) on input line 189.
LaTeX Encoding Info:    Redeclaring text symbol \textonehalf (encoding TS1) on input line 190.
LaTeX Encoding Info:    Redeclaring text symbol \textthreequarters (encoding TS1) on input line 191.
LaTeX Encoding Info:    Redeclaring text symbol \texteuro (encoding TS1) on input line 192.
LaTeX Encoding Info:    Redeclaring text symbol \texttimes (encoding TS1) on input line 193.
LaTeX Encoding Info:    Redeclaring text symbol \textdiv (encoding TS1) on input line 194.
)) (c:/Users/tw542/AppData/Roaming/TinyTeX/texmf-dist/tex/lualatex/lualatex-math/lualatex-math.sty
Package: lualatex-math 2022/01/01 v1.12 Patches for mathematics typesetting with LuaLaTeX
(c:/Users/tw542/AppData/Roaming/TinyTeX/texmf-dist/tex/latex/etoolbox/etoolbox.sty
Package: etoolbox 2025/10/02 v2.5m e-TeX tools for LaTeX (JAW)
\etb@tempcnta=\count307
)
Lua module: lualatex-math 2013/08/03 v1.3 Patches for mathematics typesetting with LuaLaTeX)
\g__um_fam_int=\count308
\g__um_fonts_used_int=\count309
\l__um_primecount_int=\count310
\g__um_primekern_muskip=\muskip18
(c:/Users/tw542/AppData/Roaming/TinyTeX/texmf-dist/tex/latex/unicode-math/unicode-math-table.tex))) (c:/Users/tw542/AppData/Roaming/TinyTeX/texmf-dist/tex/latex/lm/lmodern.sty
Package: lmodern 2015/05/01 v1.6.1 Latin Modern Fonts
LaTeX Font Info:    Overwriting symbol font `operators' in version `normal'
(Font)                  OT1/cmr/m/n --> OT1/lmr/m/n on input line 22.
LaTeX Font Info:    Overwriting symbol font `letters' in version `normal'
(Font)                  OML/cmm/m/it --> OML/lmm/m/it on input line 23.
LaTeX Font Info:    Overwriting symbol font `symbols' in version `normal'
(Font)                  OMS/cmsy/m/n --> OMS/lmsy/m/n on input line 24.
LaTeX Font Info:    Overwriting symbol font `largesymbols' in version `normal'
(Font)                  OMX/cmex/m/n --> OMX/lmex/m/n on input line 25.
LaTeX Font Info:    Overwriting symbol font `operators' in version `bold'
(Font)                  OT1/cmr/bx/n --> OT1/lmr/bx/n on input line 26.
LaTeX Font Info:    Overwriting symbol font `letters' in version `bold'
(Font)                  OML/cmm/b/it --> OML/lmm/b/it on input line 27.
LaTeX Font Info:    Overwriting symbol font `symbols' in version `bold'
(Font)                  OMS/cmsy/b/n --> OMS/lmsy/b/n on input line 28.
LaTeX Font Info:    Overwriting symbol font `largesymbols' in version `bold'
(Font)                  OMX/cmex/m/n --> OMX/lmex/m/n on input line 29.
LaTeX Font Info:    Overwriting math alphabet `\mathbf' in version `normal'
(Font)                  OT1/cmr/bx/n --> OT1/lmr/bx/n on input line 31.
LaTeX Font Info:    Overwriting math alphabet `\mathsf' in version `normal'
(Font)                  OT1/cmss/m/n --> OT1/lmss/m/n on input line 32.
LaTeX Font Info:    Overwriting math alphabet `\mathit' in version `normal'
(Font)                  OT1/cmr/m/it --> OT1/lmr/m/it on input line 33.
LaTeX Font Info:    Overwriting math alphabet `\mathtt' in version `normal'
(Font)                  OT1/cmtt/m/n --> OT1/lmtt/m/n on input line 34.
LaTeX Font Info:    Overwriting math alphabet `\mathbf' in version `bold'
(Font)                  OT1/cmr/bx/n --> OT1/lmr/bx/n on input line 35.
LaTeX Font Info:    Overwriting math alphabet `\mathsf' in version `bold'
(Font)                  OT1/cmss/bx/n --> OT1/lmss/bx/n on input line 36.
LaTeX Font Info:    Overwriting math alphabet `\mathit' in version `bold'
(Font)                  OT1/cmr/bx/it --> OT1/lmr/bx/it on input line 37.
LaTeX Font Info:    Overwriting math alphabet `\mathtt' in version `bold'
(Font)                  OT1/cmtt/m/n --> OT1/lmtt/m/n on input line 38.
) (c:/Users/tw542/AppData/Roaming/TinyTeX/texmf-dist/tex/latex/upquote/upquote.sty
Package: upquote 2012/04/19 v1.3 upright-quote and grave-accent glyphs in verbatim
(c:/Users/tw542/AppData/Roaming/TinyTeX/texmf-dist/tex/latex/base/textcomp.sty
Package: textcomp 2024/04/24 v2.1b Standard LaTeX package
)) (c:/Users/tw542/AppData/Roaming/TinyTeX/texmf-dist/tex/latex/microtype/microtype.sty
Package: microtype 2026/03/01 v3.2d Micro-typographical refinements (RS)
\MT@toks=\toks23
\MT@tempbox=\box57
\MT@count=\count311
LaTeX Info: Redefining \noprotrusionifhmode on input line 1084.
LaTeX Info: Redefining \leftprotrusion on input line 1085.
\MT@prot@toks=\toks24
LaTeX Info: Redefining \rightprotrusion on input line 1104.
LaTeX Info: Redefining \textls on input line 1449.
\MT@outer@kern=\dimen162
LaTeX Info: Redefining \microtypecontext on input line 2053.
LaTeX Info: Redefining \textmicrotypecontext on input line 2070.
\MT@listname@count=\count312
(c:/Users/tw542/AppData/Roaming/TinyTeX/texmf-dist/tex/latex/microtype/microtype-luatex.def
File: microtype-luatex.def 2026/03/01 v3.2d Definitions specific to luatex (RS)
Lua module: microtype 2026/03/01 v3.2d microtype module.
Module microtype Info: overwriting function `keepligature' on input line 63
LaTeX Info: Redefining \lsstyle on input line 779.
LaTeX Info: Redefining \lslig on input line 779.
\MT@outer@space=\skip69
)
Package microtype Info: Loading configuration file microtype.cfg.
(c:/Users/tw542/AppData/Roaming/TinyTeX/texmf-dist/tex/latex/microtype/microtype.cfg
File: microtype.cfg 2026/03/01 v3.2d microtype main configuration file (RS)
)
LaTeX Info: Redefining \microtypesetup on input line 3065.
) (c:/Users/tw542/AppData/Roaming/TinyTeX/texmf-dist/tex/latex/fancyvrb/fancyvrb.sty
Package: fancyvrb 2026/04/16 4.6a verbatim text (tvz,hv)
\FV@CodeLineNo=\count313
\FV@InFile=\read2
\FV@TabBox=\box58
\c@FancyVerbLine=\count314
\FV@StepNumber=\count315
\FV@OutFile=\write3
) (c:/Users/tw542/AppData/Roaming/TinyTeX/texmf-dist/tex/latex/framed/framed.sty
Package: framed 2011/10/22 v 0.96: framed or shaded text with page breaks
\OuterFrameSep=\skip70
\fb@frw=\dimen163
\fb@frh=\dimen164
\FrameRule=\dimen165
\FrameSep=\dimen166
) (c:/Users/tw542/AppData/Roaming/TinyTeX/texmf-dist/tex/latex/tools/longtable.sty
Package: longtable 2025-10-13 v4.24 Multi-page Table package (DPC)
\LTleft=\skip71
\LTright=\skip72
\LTpre=\skip73
\LTpost=\skip74
\LTchunksize=\count316
\LTcapwidth=\dimen167
\LT@head=\box59
\LT@firsthead=\box60
\LT@foot=\box61
\LT@lastfoot=\box62
\LT@gbox=\box63
\LT@cols=\count317
\LT@rows=\count318
\c@LT@tables=\count319
\c@LT@chunks=\count320
\LT@p@ftn=\toks25
)
Class scrreprt Info: longtable captions redefined on input line 110.
(c:/Users/tw542/AppData/Roaming/TinyTeX/texmf-dist/tex/latex/booktabs/booktabs.sty
Package: booktabs 2020/01/12 v1.61803398 Publication quality tables
\heavyrulewidth=\dimen168
\lightrulewidth=\dimen169
\cmidrulewidth=\dimen170
\belowrulesep=\dimen171
\belowbottomsep=\dimen172
\aboverulesep=\dimen173
\abovetopsep=\dimen174
\cmidrulesep=\dimen175
\cmidrulekern=\dimen176
\defaultaddspace=\dimen177
\@cmidla=\count321
\@cmidlb=\count322
\@aboverulesep=\dimen178
\@belowrulesep=\dimen179
\@thisruleclass=\count323
\@lastruleclass=\count324
\@thisrulewidth=\dimen180
) (c:/Users/tw542/AppData/Roaming/TinyTeX/texmf-dist/tex/latex/tools/array.sty
Package: array 2025/09/25 v2.6n Tabular extension package (FMi)
\col@sep=\dimen181
\ar@mcellbox=\box64
\extrarowheight=\dimen182
\NC@list=\toks26
\extratabsurround=\skip75
\backup@length=\skip76
\ar@cellbox=\box65
) (c:/Users/tw542/AppData/Roaming/TinyTeX/texmf-dist/tex/latex/tools/calc.sty
Package: calc 2025/03/01 v4.3b Infix arithmetic (KKT,FJ)
\calc@Acount=\count325
\calc@Bcount=\count326
\calc@Adimen=\dimen183
\calc@Bdimen=\dimen184
\calc@Askip=\skip77
\calc@Bskip=\skip78
LaTeX Info: Redefining \setlength on input line 86.
LaTeX Info: Redefining \addtolength on input line 87.
\calc@Ccount=\count327
\calc@Cskip=\skip79
) (c:/Users/tw542/AppData/Roaming/TinyTeX/texmf-dist/tex/latex/mdwtools/footnote.sty
Package: footnote 1997/01/28 1.13 Save footnotes around boxes
\fn@notes=\box66
\fn@width=\dimen185
) (c:/Users/tw542/AppData/Roaming/TinyTeX/texmf-dist/tex/latex/graphics/graphicx.sty
Package: graphicx 2024/12/31 v1.2e Enhanced LaTeX Graphics (DPC,SPQR)
(c:/Users/tw542/AppData/Roaming/TinyTeX/texmf-dist/tex/latex/graphics/graphics.sty
Package: graphics 2024/08/06 v1.4g Standard LaTeX Graphics (DPC,SPQR)
(c:/Users/tw542/AppData/Roaming/TinyTeX/texmf-dist/tex/latex/graphics/trig.sty
Package: trig 2023/12/02 v1.11 sin cos tan (DPC)
) (c:/Users/tw542/AppData/Roaming/TinyTeX/texmf-dist/tex/latex/graphics-cfg/graphics.cfg
File: graphics.cfg 2016/06/04 v1.11 sample graphics configuration
)
Package graphics Info: Driver file: luatex.def on input line 106.
)
\Gin@req@height=\dimen186
\Gin@req@width=\dimen187
)
\pandoc@box=\box67
(c:/Users/tw542/AppData/Roaming/TinyTeX/texmf-dist/tex/latex/multirow/multirow.sty
Package: multirow 2024/11/12 v2.9 Span multiple rows of a table
\multirow@colwidth=\skip80
\multirow@cntb=\count328
\multirow@dima=\skip81
\bigstrutjot=\dimen188
) (c:/Users/tw542/AppData/Roaming/TinyTeX/texmf-dist/tex/latex/wrapfig/wrapfig.sty
\wrapoverhang=\dimen189
\WF@size=\dimen190
\c@WF@wrappedlines=\count329
\WF@box=\box68
\WF@everypar=\toks27
Package: wrapfig 2003/01/31  v 3.6
) (c:/Users/tw542/AppData/Roaming/TinyTeX/texmf-dist/tex/latex/float/float.sty
Package: float 2001/11/08 v1.3d Float enhancements (AL)
\c@float@type=\count330
\float@exts=\toks28
\float@box=\box69
\@float@everytoks=\toks29
\@floatcapt=\box70
) (c:/Users/tw542/AppData/Roaming/TinyTeX/texmf-dist/tex/latex/colortbl/colortbl.sty
Package: colortbl 2024/10/29 v1.0k Color table columns (DPC)
\everycr=\toks30
\minrowclearance=\skip82
\rownum=\count331
) (c:/Users/tw542/AppData/Roaming/TinyTeX/texmf-dist/tex/latex/pdflscape/pdflscape.sty
Package: pdflscape 2025-06-23 v0.14 Display of landscape pages in PDF
(c:/Users/tw542/AppData/Roaming/TinyTeX/texmf-dist/tex/latex/pdflscape/pdflscape-nometadata.sty
Package: pdflscape-nometadata 2025-06-23 v0.14 Display of landscape pages in PDF (HO)
(c:/Users/tw542/AppData/Roaming/TinyTeX/texmf-dist/tex/latex/graphics/lscape.sty
Package: lscape 2020/05/28 v3.02 Landscape Pages (DPC)
)
Package pdflscape Info: Auto-detected driver: pdftex on input line 81.
)) (c:/Users/tw542/AppData/Roaming/TinyTeX/texmf-dist/tex/latex/tabu/tabu.sty
Package: tabu 2019/01/11 v2.9 - flexible LaTeX tabulars (FC+tabu-fixed)
(c:/Users/tw542/AppData/Roaming/TinyTeX/texmf-dist/tex/latex/varwidth/varwidth.sty
Package: varwidth 2009/03/30 ver 0.92;  Variable-width minipages
\@vwid@box=\box71
\sift@deathcycles=\count332
\@vwid@loff=\dimen191
\@vwid@roff=\dimen192
)
==> First Aid for varwidth.sty applied!
\c@taburow=\count333
\tabu@nbcols=\count334
\tabu@cnt=\count335
\tabu@Xcol=\count336
\tabu@alloc=\count337
\tabu@nested=\count338
\tabu@target=\dimen193
\tabu@spreadtarget=\dimen194
\tabu@naturalX=\dimen195
\tabucolX=\dimen196
\tabu@Xsum=\dimen197
\extrarowdepth=\dimen198
\abovetabulinesep=\dimen199
\belowtabulinesep=\dimen256
\tabustrutrule=\dimen257
\tabu@thebody=\toks31
\tabu@footnotes=\toks32
\tabu@box=\box72
\tabu@arstrutbox=\box73
\tabu@hleads=\box74
\tabu@vleads=\box75
\tabu@cellskip=\skip83
) (c:/Users/tw542/AppData/Roaming/TinyTeX/texmf-dist/tex/latex/threeparttable/threeparttable.sty
Package: threeparttable 2003/06/13  v 3.0
\@tempboxb=\box76
) (c:/Users/tw542/AppData/Roaming/TinyTeX/texmf-dist/tex/latex/threeparttablex/threeparttablex.sty
Package: threeparttablex 2013/07/23 v0.3 by daleif
(c:/Users/tw542/AppData/Roaming/TinyTeX/texmf-dist/tex/latex/environ/environ.sty
Package: environ 2014/05/04 v0.3 A new way to define environments
(c:/Users/tw542/AppData/Roaming/TinyTeX/texmf-dist/tex/latex/trimspaces/trimspaces.sty
Package: trimspaces 2009/09/17 v1.1 Trim spaces around a token list
))
\TPTL@width=\skip84
) (c:/Users/tw542/AppData/Roaming/TinyTeX/texmf-dist/tex/generic/ulem/ulem.sty
\UL@box=\box77
\UL@hyphenbox=\box78
\UL@skip=\skip85
\UL@hook=\toks33
\UL@height=\dimen258
\UL@pe=\count339
\UL@pixel=\dimen259
\ULC@box=\box79
Package: ulem 2019/11/18
\ULdepth=\dimen260
) (c:/Users/tw542/AppData/Roaming/TinyTeX/texmf-dist/tex/latex/makecell/makecell.sty
Package: makecell 2009/08/03 V0.1e Managing of Tab Column Heads and Cells
\rotheadsize=\dimen261
\c@nlinenum=\count340
\TeXr@lab=\toks34
) (c:/Users/tw542/AppData/Roaming/TinyTeX/texmf-dist/tex/latex/bookmark/bookmark.sty
Package: bookmark 2023-12-10 v1.31 PDF bookmarks (HO)
(c:/Users/tw542/AppData/Roaming/TinyTeX/texmf-dist/tex/latex/hyperref/hyperref.sty
Package: hyperref 2026-01-29 v7.01p Hypertext links for LaTeX
(c:/Users/tw542/AppData/Roaming/TinyTeX/texmf-dist/tex/latex/kvsetkeys/kvsetkeys.sty
Package: kvsetkeys 2022-10-05 v1.19 Key value parser (HO)
) (c:/Users/tw542/AppData/Roaming/TinyTeX/texmf-dist/tex/generic/kvdefinekeys/kvdefinekeys.sty
Package: kvdefinekeys 2019-12-19 v1.6 Define keys (HO)
) (c:/Users/tw542/AppData/Roaming/TinyTeX/texmf-dist/tex/generic/pdfescape/pdfescape.sty
Package: pdfescape 2019/12/09 v1.15 Implements pdfTeX's escape features (HO)
(c:/Users/tw542/AppData/Roaming/TinyTeX/texmf-dist/tex/generic/ltxcmds/ltxcmds.sty
Package: ltxcmds 2023-12-04 v1.26 LaTeX kernel commands for general use (HO)
) (c:/Users/tw542/AppData/Roaming/TinyTeX/texmf-dist/tex/generic/pdftexcmds/pdftexcmds.sty
Package: pdftexcmds 2020-06-27 v0.33 Utility functions of pdfTeX for LuaTeX (HO)
(c:/Users/tw542/AppData/Roaming/TinyTeX/texmf-dist/tex/generic/infwarerr/infwarerr.sty
Package: infwarerr 2019/12/03 v1.5 Providing info/warning/error messages (HO)
)
Package pdftexcmds Info: \pdf@primitive is available.
Package pdftexcmds Info: \pdf@ifprimitive is available.
Package pdftexcmds Info: \pdfdraftmode found.
\pdftexcmds@toks=\toks35
)) (c:/Users/tw542/AppData/Roaming/TinyTeX/texmf-dist/tex/latex/hycolor/hycolor.sty
Package: hycolor 2020-01-27 v1.10 Color options for hyperref/bookmark (HO)
) (c:/Users/tw542/AppData/Roaming/TinyTeX/texmf-dist/tex/latex/hyperref/nameref.sty
Package: nameref 2026-01-29 v2.58 Cross-referencing by name of section
(c:/Users/tw542/AppData/Roaming/TinyTeX/texmf-dist/tex/latex/refcount/refcount.sty
Package: refcount 2019/12/15 v3.6 Data extraction from label references (HO)
) (c:/Users/tw542/AppData/Roaming/TinyTeX/texmf-dist/tex/generic/gettitlestring/gettitlestring.sty
Package: gettitlestring 2019/12/15 v1.6 Cleanup title references (HO)
(c:/Users/tw542/AppData/Roaming/TinyTeX/texmf-dist/tex/latex/kvoptions/kvoptions.sty
Package: kvoptions 2022-06-15 v3.15 Key value format for package options (HO)
))
\c@section@level=\count341
) (c:/Users/tw542/AppData/Roaming/TinyTeX/texmf-dist/tex/generic/stringenc/stringenc.sty
Package: stringenc 2019/11/29 v1.12 Convert strings between diff. encodings (HO)
)
\@linkdim=\dimen262
\Hy@linkcounter=\count342
\Hy@pagecounter=\count343
(c:/Users/tw542/AppData/Roaming/TinyTeX/texmf-dist/tex/latex/hyperref/pd1enc.def
File: pd1enc.def 2026-01-29 v7.01p Hyperref: PDFDocEncoding definition (HO)
) (c:/Users/tw542/AppData/Roaming/TinyTeX/texmf-dist/tex/generic/intcalc/intcalc.sty
Package: intcalc 2019/12/15 v1.3 Expandable calculations with integers (HO)
)
\Hy@SavedSpaceFactor=\count344
(c:/Users/tw542/AppData/Roaming/TinyTeX/texmf-dist/tex/latex/hyperref/puenc.def
File: puenc.def 2026-01-29 v7.01p Hyperref: PDF Unicode definition (HO)
)
Package hyperref Info: Option `unicode' set `true' on input line 4072.
Package hyperref Info: Hyper figures OFF on input line 4201.
Package hyperref Info: Link nesting OFF on input line 4206.
Package hyperref Info: Hyper index ON on input line 4209.
Package hyperref Info: Plain pages OFF on input line 4216.
Package hyperref Info: Backreferencing OFF on input line 4221.
Package hyperref Info: Implicit mode ON; LaTeX internals redefined.
Package hyperref Info: Bookmarks ON on input line 4468.
\c@Hy@tempcnt=\count345
(c:/Users/tw542/AppData/Roaming/TinyTeX/texmf-dist/tex/latex/url/url.sty
\Urlmuskip=\muskip19
Package: url 2013/09/16  ver 3.4  Verb mode for urls, etc.
)
LaTeX Info: Redefining \url on input line 4807.
\XeTeXLinkMargin=\dimen263
(c:/Users/tw542/AppData/Roaming/TinyTeX/texmf-dist/tex/generic/bitset/bitset.sty
Package: bitset 2019/12/09 v1.3 Handle bit-vector datatype (HO)
(c:/Users/tw542/AppData/Roaming/TinyTeX/texmf-dist/tex/generic/bigintcalc/bigintcalc.sty
Package: bigintcalc 2019/12/15 v1.5 Expandable calculations on big integers (HO)
))
\Fld@menulength=\count346
\Field@Width=\dimen264
\Fld@charsize=\dimen265
Package hyperref Info: Hyper figures OFF on input line 6084.
Package hyperref Info: Link nesting OFF on input line 6089.
Package hyperref Info: Hyper index ON on input line 6092.
Package hyperref Info: backreferencing OFF on input line 6099.
Package hyperref Info: Link coloring OFF on input line 6104.
Package hyperref Info: Link coloring with OCG OFF on input line 6109.
Package hyperref Info: PDF/A mode OFF on input line 6114.
\Hy@abspage=\count347
\c@Item=\count348
\c@Hfootnote=\count349
)
Package hyperref Info: Driver (autodetected): hluatex.
(c:/Users/tw542/AppData/Roaming/TinyTeX/texmf-dist/tex/latex/hyperref/hluatex.def
File: hluatex.def 2026-01-29 v7.01p Hyperref driver for luaTeX
\Fld@listcount=\count350
\c@bookmark@seq@number=\count351
(c:/Users/tw542/AppData/Roaming/TinyTeX/texmf-dist/tex/latex/rerunfilecheck/rerunfilecheck.sty
Package: rerunfilecheck 2025-06-21 v1.11 Rerun checks for auxiliary files (HO)
(c:/Users/tw542/AppData/Roaming/TinyTeX/texmf-dist/tex/generic/uniquecounter/uniquecounter.sty
Package: uniquecounter 2019/12/15 v1.4 Provide unlimited unique counter (HO)
)
Package uniquecounter Info: New unique counter `rerunfilecheck' on input line 284.
)
\Hy@SectionHShift=\skip86
) (c:/Users/tw542/AppData/Roaming/TinyTeX/texmf-dist/tex/latex/bookmark/bkm-pdftex.def
File: bkm-pdftex.def 2023-12-10 v1.31 bookmark driver for pdfTeX and luaTeX (HO)
\BKM@id=\count352
)) (c:/Users/tw542/AppData/Roaming/TinyTeX/texmf-dist/tex/latex/caption/caption.sty
Package: caption 2023/08/05 v3.6o Customizing captions (AR)

Package tocbasic Info: Loading of class-dependent code for package caption3
(tocbasic)             prevented on line 50.

(c:/Users/tw542/AppData/Roaming/TinyTeX/texmf-dist/tex/latex/caption/caption3.sty
Package: caption3 2023/07/31 v2.4d caption3 kernel (AR)
\caption@tempdima=\dimen266
\captionmargin=\dimen267
\caption@leftmargin=\dimen268
\caption@rightmargin=\dimen269
\caption@width=\dimen270
\caption@indent=\dimen271
\caption@parindent=\dimen272
\caption@hangindent=\dimen273
)
\c@caption@flags=\count353
\c@continuedfloat=\count354
Package caption Info: float package is loaded.
Package caption Info: hyperref package is loaded.
Package caption Info: longtable package is loaded.
(c:/Users/tw542/AppData/Roaming/TinyTeX/texmf-dist/tex/latex/caption/ltcaption.sty
Package: ltcaption 2021/01/08 v1.4c longtable captions (AR)
)
Package caption Info: threeparttable package is loaded.
Package caption Info: wrapfig package is loaded.
)
\@float@every@codelisting=\toks36
\c@codelisting=\count355
(c:/Users/tw542/AppData/Roaming/TinyTeX/texmf-dist/tex/latex/caption/subcaption.sty
Package: subcaption 2023/07/28 v1.6b Sub-captions (AR)
Package caption Info: New subtype `subfigure' on input line 238.
\c@subfigure=\count356
Package caption Info: New subtype `subtable' on input line 238.
\c@subtable=\count357
)
Package hyperref Info: Option `colorlinks' set `true' on input line 219.
No file index.aux.

\openout1 = index.aux
LaTeX Font Info:    Checking defaults for OML/cmm/m/it on input line 225.
LaTeX Font Info:    ... okay on input line 225.
LaTeX Font Info:    Checking defaults for OMS/cmsy/m/n on input line 225.
LaTeX Font Info:    ... okay on input line 225.
LaTeX Font Info:    Checking defaults for OT1/cmr/m/n on input line 225.
LaTeX Font Info:    ... okay on input line 225.
LaTeX Font Info:    Checking defaults for T1/cmr/m/n on input line 225.
LaTeX Font Info:    ... okay on input line 225.
LaTeX Font Info:    Checking defaults for TS1/cmr/m/n on input line 225.
LaTeX Font Info:    ... okay on input line 225.
LaTeX Font Info:    Checking defaults for TU/lmr/m/n on input line 225.
LaTeX Font Info:    ... okay on input line 225.
LaTeX Font Info:    Checking defaults for OMX/cmex/m/n on input line 225.
LaTeX Font Info:    ... okay on input line 225.
LaTeX Font Info:    Checking defaults for U/cmr/m/n on input line 225.
LaTeX Font Info:    ... okay on input line 225.
LaTeX Font Info:    Checking defaults for PD1/pdf/m/n on input line 225.
LaTeX Font Info:    ... okay on input line 225.
LaTeX Font Info:    Checking defaults for PU/pdf/m/n on input line 225.
LaTeX Font Info:    ... okay on input line 225.
Package scrbase Info: activating english \abstractname on input line 225.
Package scrbase Info: activating english \partname on input line 225.
Package scrbase Info: activating english \chaptername on input line 225.
Package scrbase Info: activating english \appendixname on input line 225.
Package scrbase Info: activating english \figurename on input line 225.
Package scrbase Info: activating english \tablename on input line 225.
Package scrbase Info: activating english \contentsname on input line 225.
Package scrbase Info: activating english \listfigurename on input line 225.
Package scrbase Info: activating english \listtablename on input line 225.
Package scrbase Info: activating english \bibname on input line 225.
Package scrbase Info: activating english \indexname on input line 225.
(c:/Users/tw542/AppData/Roaming/TinyTeX/texmf-dist/tex/latex/epstopdf-pkg/epstopdf-base.sty
Package: epstopdf-base 2020-01-24 v2.11 Base part for package epstopdf
Package epstopdf-base Info: Redefining graphics rule for `.eps' on input line 485.
(c:/Users/tw542/AppData/Roaming/TinyTeX/texmf-dist/tex/latex/latexconfig/epstopdf-sys.cfg
File: epstopdf-sys.cfg 2010/07/13 v1.3 Configuration of (r)epstopdf for TeX Live
))
LaTeX Font Info:    Overwriting math alphabet `\mathrm' in version `normal'
(Font)                  OT1/lmr/m/n --> TU/lmr/m/n on input line 225.
LaTeX Font Info:    Overwriting math alphabet `\mathit' in version `normal'
(Font)                  OT1/lmr/m/it --> TU/lmr/m/it on input line 225.
LaTeX Font Info:    Overwriting math alphabet `\mathbf' in version `normal'
(Font)                  OT1/lmr/bx/n --> TU/lmr/bx/n on input line 225.
LaTeX Font Info:    Overwriting math alphabet `\mathsf' in version `normal'
(Font)                  OT1/lmss/m/n --> TU/lmss/m/n on input line 225.
LaTeX Font Info:    Overwriting math alphabet `\mathsf' in version `bold'
(Font)                  OT1/lmss/bx/n --> TU/lmss/bx/n on input line 225.
LaTeX Font Info:    Overwriting math alphabet `\mathtt' in version `normal'
(Font)                  OT1/lmtt/m/n --> TU/lmtt/m/n on input line 225.
LaTeX Font Info:    Overwriting math alphabet `\mathtt' in version `bold'
(Font)                  OT1/lmtt/m/n --> TU/lmtt/bx/n on input line 225.

Package fontspec Info: 
(fontspec)             latinmodern-math scale = 0.9999967668407183.


Package fontspec Info: 
(fontspec)             latinmodern-math scale = 0.9999967668407183.


Package fontspec Info: 
(fontspec)             latinmodern-math scale = 0.9999967668407183.


Package fontspec Info: 
(fontspec)             Font family 'latinmodern-math.otf(0)' created for font
(fontspec)             'latinmodern-math.otf' with options
(fontspec)             [Scale=MatchLowercase,Renderer=Basic,BoldItalicFont={},ItalicFont={},SmallCapsFont={},Script=Math,RawFeature={mathfontdimen=xetex},BoldFont={latinmodern-math.otf}].
(fontspec)              
(fontspec)              This font family consists of the following NFSS
(fontspec)             series/shapes:
(fontspec)              
(fontspec)             - 'normal' (m/n) with NFSS spec.:
(fontspec)             <->s*[0.9999967668407183]"[latinmodern-math.otf]:mode=base;script=math;language=dflt;mathfontdimen=xetex;"
(fontspec)             - 'bold' (b/n) with NFSS spec.:
(fontspec)             <->s*[0.9999967668407183]"[latinmodern-math.otf]:mode=base;script=math;language=dflt;mathfontdimen=xetex;"

LaTeX Font Info:    Font shape `TU/latinmodern-math.otf(0)/m/n' will be
(Font)              scaled to size 10.95pt on input line 225.

Package fontspec Info: 
(fontspec)             latinmodern-math scale = 0.9999967668407183.


Package fontspec Info: 
(fontspec)             latinmodern-math scale = 0.9999967668407183.


Package fontspec Info: 
(fontspec)             latinmodern-math scale = 0.9999967668407183.


Package fontspec Info: 
(fontspec)             latinmodern-math scale = 0.9999967668407183.


Package fontspec Info: 
(fontspec)             latinmodern-math scale = 0.9999967668407183.


Package fontspec Info: 
(fontspec)             Font family 'latinmodern-math.otf(1)' created for font
(fontspec)             'latinmodern-math.otf' with options
(fontspec)             [Scale=MatchLowercase,Renderer=Basic,BoldItalicFont={},ItalicFont={},SmallCapsFont={},Script=Math,SizeFeatures={{Size=9.3075-},{Size=6.57-9.3075,Font=latinmodern-math.otf,Style=MathScript},{Size=-6.57,Font=latinmodern-math.otf,Style=MathScriptScript}},RawFeature={mathfontdimen=xetex},BoldFont={latinmodern-math.otf}].
(fontspec)              
(fontspec)              This font family consists of the following NFSS
(fontspec)             series/shapes:
(fontspec)              
(fontspec)             - 'normal' (m/n) with NFSS spec.:
(fontspec)             <9.3075->s*[0.9999967668407183]"[latinmodern-math.otf]:mode=base;script=math;language=dflt;mathfontdimen=xetex;"<6.57-9.3075>s*[0.9999967668407183]"[latinmodern-math.otf]:mode=base;script=math;language=dflt;mathfontdimen=xetex;+ssty=0;"<-6.57>s*[0.9999967668407183]"[latinmodern-math.otf]:mode=base;script=math;language=dflt;mathfontdimen=xetex;+ssty=1;"
(fontspec)             - 'bold' (b/n) with NFSS spec.:
(fontspec)             <->s*[0.9999967668407183]"[latinmodern-math.otf]:mode=base;script=math;language=dflt;mathfontdimen=xetex;"

LaTeX Font Info:    Font shape `TU/latinmodern-math.otf(1)/m/n' will be
(Font)              scaled to size 10.95pt on input line 225.
LaTeX Font Info:    Encoding `OT1' has changed to `TU' for symbol font
(Font)              `operators' in the math version `normal' on input line 225.
LaTeX Font Info:    Overwriting symbol font `operators' in version `normal'
(Font)                  OT1/lmr/m/n --> TU/latinmodern-math.otf(1)/m/n on input line 225.
LaTeX Font Info:    Encoding `OT1' has changed to `TU' for symbol font
(Font)              `operators' in the math version `bold' on input line 225.
LaTeX Font Info:    Overwriting symbol font `operators' in version `bold'
(Font)                  OT1/lmr/bx/n --> TU/latinmodern-math.otf(1)/b/n on input line 225.

Package fontspec Info: 
(fontspec)             latinmodern-math scale = 0.9999967668407183.


Package fontspec Info: 
(fontspec)             latinmodern-math scale = 0.9999967668407183.


Package fontspec Info: 
(fontspec)             latinmodern-math scale = 0.9999967668407183.


Package fontspec Info: 
(fontspec)             latinmodern-math scale = 0.9999967668407183.


Package fontspec Info: 
(fontspec)             latinmodern-math scale = 0.9999967668407183.


Package fontspec Info: 
(fontspec)             Font family 'latinmodern-math.otf(2)' created for font
(fontspec)             'latinmodern-math.otf' with options
(fontspec)             [Scale=MatchLowercase,Renderer=Basic,BoldItalicFont={},ItalicFont={},SmallCapsFont={},Script=Math,SizeFeatures={{Size=9.3075-},{Size=6.57-9.3075,Font=latinmodern-math.otf,Style=MathScript},{Size=-6.57,Font=latinmodern-math.otf,Style=MathScriptScript}},RawFeature={mathfontdimen=xetex},BoldFont={latinmodern-math.otf},RawFeature={mathfontdimen=tex2}].
(fontspec)              
(fontspec)              This font family consists of the following NFSS
(fontspec)             series/shapes:
(fontspec)              
(fontspec)             - 'normal' (m/n) with NFSS spec.:
(fontspec)             <9.3075->s*[0.9999967668407183]"[latinmodern-math.otf]:mode=base;script=math;language=dflt;mathfontdimen=xetex;mathfontdimen=tex2;"<6.57-9.3075>s*[0.9999967668407183]"[latinmodern-math.otf]:mode=base;script=math;language=dflt;mathfontdimen=xetex;mathfontdimen=tex2;+ssty=0;"<-6.57>s*[0.9999967668407183]"[latinmodern-math.otf]:mode=base;script=math;language=dflt;mathfontdimen=xetex;mathfontdimen=tex2;+ssty=1;"
(fontspec)             - 'bold' (b/n) with NFSS spec.:
(fontspec)             <->s*[0.9999967668407183]"[latinmodern-math.otf]:mode=base;script=math;language=dflt;mathfontdimen=xetex;mathfontdimen=tex2;"

LaTeX Font Info:    Encoding `OMS' has changed to `TU' for symbol font
(Font)              `symbols' in the math version `normal' on input line 225.
LaTeX Font Info:    Overwriting symbol font `symbols' in version `normal'
(Font)                  OMS/lmsy/m/n --> TU/latinmodern-math.otf(2)/m/n on input line 225.
LaTeX Font Info:    Encoding `OMS' has changed to `TU' for symbol font
(Font)              `symbols' in the math version `bold' on input line 225.
LaTeX Font Info:    Overwriting symbol font `symbols' in version `bold'
(Font)                  OMS/lmsy/b/n --> TU/latinmodern-math.otf(2)/b/n on input line 225.

Package fontspec Info: 
(fontspec)             latinmodern-math scale = 0.9999967668407183.


Package fontspec Info: 
(fontspec)             latinmodern-math scale = 0.9999967668407183.


Package fontspec Info: 
(fontspec)             latinmodern-math scale = 0.9999967668407183.


Package fontspec Info: 
(fontspec)             latinmodern-math scale = 0.9999967668407183.


Package fontspec Info: 
(fontspec)             latinmodern-math scale = 0.9999967668407183.


Package fontspec Info: 
(fontspec)             Font family 'latinmodern-math.otf(3)' created for font
(fontspec)             'latinmodern-math.otf' with options
(fontspec)             [Scale=MatchLowercase,Renderer=Basic,BoldItalicFont={},ItalicFont={},SmallCapsFont={},Script=Math,SizeFeatures={{Size=9.3075-},{Size=6.57-9.3075,Font=latinmodern-math.otf,Style=MathScript},{Size=-6.57,Font=latinmodern-math.otf,Style=MathScriptScript}},RawFeature={mathfontdimen=xetex},BoldFont={latinmodern-math.otf},RawFeature={mathfontdimen=tex3}].
(fontspec)              
(fontspec)              This font family consists of the following NFSS
(fontspec)             series/shapes:
(fontspec)              
(fontspec)             - 'normal' (m/n) with NFSS spec.:
(fontspec)             <9.3075->s*[0.9999967668407183]"[latinmodern-math.otf]:mode=base;script=math;language=dflt;mathfontdimen=xetex;mathfontdimen=tex3;"<6.57-9.3075>s*[0.9999967668407183]"[latinmodern-math.otf]:mode=base;script=math;language=dflt;mathfontdimen=xetex;mathfontdimen=tex3;+ssty=0;"<-6.57>s*[0.9999967668407183]"[latinmodern-math.otf]:mode=base;script=math;language=dflt;mathfontdimen=xetex;mathfontdimen=tex3;+ssty=1;"
(fontspec)             - 'bold' (b/n) with NFSS spec.:
(fontspec)             <->s*[0.9999967668407183]"[latinmodern-math.otf]:mode=base;script=math;language=dflt;mathfontdimen=xetex;mathfontdimen=tex3;"

LaTeX Font Info:    Encoding `OMX' has changed to `TU' for symbol font
(Font)              `largesymbols' in the math version `normal' on input line 225.
LaTeX Font Info:    Overwriting symbol font `largesymbols' in version `normal'
(Font)                  OMX/lmex/m/n --> TU/latinmodern-math.otf(3)/m/n on input line 225.
LaTeX Font Info:    Encoding `OMX' has changed to `TU' for symbol font
(Font)              `largesymbols' in the math version `bold' on input line 225.
LaTeX Font Info:    Overwriting symbol font `largesymbols' in version `bold'
(Font)                  OMX/lmex/m/n --> TU/latinmodern-math.otf(3)/b/n on input line 225.
LaTeX Font Info:    Font shape `TU/latinmodern-math.otf(1)/m/n' will be
(Font)              scaled to size 7.665pt on input line 225.
LaTeX Font Info:    Font shape `TU/latinmodern-math.otf(1)/m/n' will be
(Font)              scaled to size 5.475pt on input line 225.
LaTeX Font Info:    Trying to load font information for OML+lmm on input line 225.
(c:/Users/tw542/AppData/Roaming/TinyTeX/texmf-dist/tex/latex/lm/omllmm.fd
File: omllmm.fd 2015/05/01 v1.6.1 Font defs for Latin Modern
)
LaTeX Font Info:    Font shape `TU/latinmodern-math.otf(2)/m/n' will be
(Font)              scaled to size 10.95pt on input line 225.
LaTeX Font Info:    Font shape `TU/latinmodern-math.otf(2)/m/n' will be
(Font)              scaled to size 7.665pt on input line 225.
LaTeX Font Info:    Font shape `TU/latinmodern-math.otf(2)/m/n' will be
(Font)              scaled to size 5.475pt on input line 225.
LaTeX Font Info:    Font shape `TU/latinmodern-math.otf(3)/m/n' will be
(Font)              scaled to size 10.95pt on input line 225.
LaTeX Font Info:    Font shape `TU/latinmodern-math.otf(3)/m/n' will be
(Font)              scaled to size 7.665pt on input line 225.
LaTeX Font Info:    Font shape `TU/latinmodern-math.otf(3)/m/n' will be
(Font)              scaled to size 5.475pt on input line 225.
LaTeX Font Info:    Trying to load font information for U+msa on input line 225.
(c:/Users/tw542/AppData/Roaming/TinyTeX/texmf-dist/tex/latex/amsfonts/umsa.fd
File: umsa.fd 2013/01/14 v3.01 AMS symbols A
)
LaTeX Font Info:    Trying to load font information for U+msb on input line 225.
(c:/Users/tw542/AppData/Roaming/TinyTeX/texmf-dist/tex/latex/amsfonts/umsb.fd
File: umsb.fd 2013/01/14 v3.01 AMS symbols B
)
Package microtype Info: Patching varwidth to enable character protrusion.
\MT@vwid@leftmargin=\dimen274
\MT@vwid@rightmargin=\dimen275
LaTeX Info: Redefining \microtypecontext on input line 225.
Package microtype Info: Applying patch `item' on input line 225.
Package microtype Info: Applying patch `toc' on input line 225.
Package microtype Info: Applying patch `eqnum' on input line 225.
Package microtype Info: Applying patch `footnote' on input line 225.
Package microtype Info: Applying patch `verbatim' on input line 225.
LaTeX Info: Redefining \microtypesetup on input line 225.
Package microtype Info: Generating PDF output.
Package microtype Info: Character protrusion enabled (level 2).
Package microtype Info: Using protrusion set `basicmath'.
Package microtype Info: Automatic font expansion enabled (level 2),
(microtype)             stretch: 20, shrink: 20, step: 1, non-selected.
Package microtype Info: Using default expansion set `alltext-nott'.
Package microtype Info: Patching command `\showhyphens'.
Package microtype Info: No adjustment of tracking.
Package microtype Info: No adjustment of spacing.
Package microtype Info: No adjustment of kerning.
(c:/Users/tw542/AppData/Roaming/TinyTeX/texmf-dist/tex/latex/microtype/mt-LatinModernRoman.cfg
File: mt-LatinModernRoman.cfg 2026/02/26 v1.2 microtype config. file: Latin Modern Roman (RS)
)
Package hyperref Info: Link coloring ON on input line 225.
Package caption Info: Begin \AtBeginDocument code.
Package caption Info: End \AtBeginDocument code.
\g__cctab_next_cctab=\catcodetable15
Package microtype Info: Loading generic protrusion settings for font family
(microtype)             `lmss' (encoding: TU).
(microtype)             For optimal results, create family-specific settings.
(microtype)             See the microtype manual for details.
LaTeX Font Info:    Font shape `TU/latinmodern-math.otf(1)/m/n' will be
(Font)              scaled to size 14.4pt on input line 227.
LaTeX Font Info:    Font shape `TU/latinmodern-math.otf(1)/m/n' will be
(Font)              scaled to size 10.0pt on input line 227.
LaTeX Font Info:    Font shape `TU/latinmodern-math.otf(1)/m/n' will be
(Font)              scaled to size 7.0pt on input line 227.
LaTeX Font Info:    Font shape `TU/latinmodern-math.otf(2)/m/n' will be
(Font)              scaled to size 14.4pt on input line 227.
LaTeX Font Info:    Font shape `TU/latinmodern-math.otf(2)/m/n' will be
(Font)              scaled to size 10.0pt on input line 227.
LaTeX Font Info:    Font shape `TU/latinmodern-math.otf(2)/m/n' will be
(Font)              scaled to size 7.0pt on input line 227.
LaTeX Font Info:    Font shape `TU/latinmodern-math.otf(3)/m/n' will be
(Font)              scaled to size 14.4pt on input line 227.
LaTeX Font Info:    Font shape `TU/latinmodern-math.otf(3)/m/n' will be
(Font)              scaled to size 10.0pt on input line 227.
LaTeX Font Info:    Font shape `TU/latinmodern-math.otf(3)/m/n' will be
(Font)              scaled to size 7.0pt on input line 227.
(c:/Users/tw542/AppData/Roaming/TinyTeX/texmf-dist/tex/latex/microtype/mt-msa.cfg
File: mt-msa.cfg 2006/02/04 v1.1 microtype config. file: AMS symbols (a) (RS)
) (c:/Users/tw542/AppData/Roaming/TinyTeX/texmf-dist/tex/latex/microtype/mt-msb.cfg
File: mt-msb.cfg 2005/06/01 v1.0 microtype config. file: AMS symbols (b) (RS)
) [1



{c:/Users/tw542/AppData/Roaming/TinyTeX/texmf-var/fonts/map/pdftex/updmap/pdftex.map}]
Package tocbasic Info: character protrusion at toc deactivated on input line 232.
No file index.toc.
\tf@toc=\write4

\openout4 = index.toc
[2

] [3

] [4

] [5]
part I.
Package scrkbase Info: You've told me to use the font selection of the element
(scrkbase)             `partprefix' that is an alias of element `partnumber'
(scrkbase)              on input line 350.
[6

]

LaTeX Warning: Reference `sec-poisson' on page 7 undefined on input line 365.


LaTeX Warning: Reference `sec-qual-and-quant' on page 7 undefined on input line 367.


LaTeX Warning: Reference `sec-individual' on page 7 undefined on input line 368.

<organisms-that-dont-move/data-image/plantago-1.jpg, id=46, 118.94438pt x 124.96687pt>
File: organisms-that-dont-move/data-image/plantago-1.jpg Graphic file (type jpg)
<use organisms-that-dont-move/data-image/plantago-1.jpg>
Package luatex.def Info: organisms-that-dont-move/data-image/plantago-1.jpg  used on input line 378.
(luatex.def)             Requested size: 118.94408pt x 124.96657pt.
[7<./organisms-that-dont-move/data-image/plantago-1.jpg>]
chapter 1.

LaTeX Warning: Reference `fig-dispersal' on page 8 undefined on input line 412.


LaTeX Warning: Reference `fig-dispersal' on page 8 undefined on input line 413.


LaTeX Warning: Reference `fig-dispersal' on page 8 undefined on input line 419.

<organisms-that-dont-move/data-image/dispersal.png, id=53, 352.371pt x 106.215pt>
File: organisms-that-dont-move/data-image/dispersal.png Graphic file (type png)
<use organisms-that-dont-move/data-image/dispersal.png>
Package luatex.def Info: organisms-that-dont-move/data-image/dispersal.png  used on input line 427.
(luatex.def)             Requested size: 352.37013pt x 106.21472pt.
[8

<./organisms-that-dont-move/data-image/dispersal.png>]

LaTeX Warning: Reference `fig-creosote' on page 9 undefined on input line 463.

<organisms-that-dont-move/data-image/creosote.jpg, id=62, 248.42813pt x 194.22563pt>
File: organisms-that-dont-move/data-image/creosote.jpg Graphic file (type jpg)
<use organisms-that-dont-move/data-image/creosote.jpg>
Package luatex.def Info: organisms-that-dont-move/data-image/creosote.jpg  used on input line 474.
(luatex.def)             Requested size: 248.42752pt x 194.22514pt.

LaTeX Warning: Reference `fig-yellow-wort' on page 9 undefined on input line 491.


LaTeX Warning: Reference `fig-yellow-wort-distribution' on page 9 undefined on input line 495.

<organisms-that-dont-move/data-image/yellow-wort.jpg, id=63, 101.62968pt x 130.23656pt>
File: organisms-that-dont-move/data-image/yellow-wort.jpg Graphic file (type jpg)
<use organisms-that-dont-move/data-image/yellow-wort.jpg>
Package luatex.def Info: organisms-that-dont-move/data-image/yellow-wort.jpg  used on input line 503.
(luatex.def)             Requested size: 101.62943pt x 130.23624pt.
<organisms-that-dont-move/data-image/yellow-wort-across-uk.jpg, id=64, 219.82124pt x 246.9225pt>
File: organisms-that-dont-move/data-image/yellow-wort-across-uk.jpg Graphic file (type jpg)
<use organisms-that-dont-move/data-image/yellow-wort-across-uk.jpg>
Package luatex.def Info: organisms-that-dont-move/data-image/yellow-wort-across-uk.jpg  used on input line 516.
(luatex.def)             Requested size: 219.8207pt x 246.92188pt.
<organisms-that-dont-move/data-image/UK-geological-map.jpg, id=65, 182.93344pt x 285.31593pt>
File: organisms-that-dont-move/data-image/UK-geological-map.jpg Graphic file (type jpg)
<use organisms-that-dont-move/data-image/UK-geological-map.jpg>
Package luatex.def Info: organisms-that-dont-move/data-image/UK-geological-map.jpg  used on input line 523.
(luatex.def)             Requested size: 182.93298pt x 285.31523pt.

LaTeX Warning: Reference `fig-yellow-wort-distribution' on page 9 undefined on input line 535.

[9] [10<./organisms-that-dont-move/data-image/creosote.jpg><./organisms-that-dont-move/data-image/yellow-wort.jpg>] [11<./organisms-that-dont-move/data-image/yellow-wort-across-UK.jpg><./organisms-that-dont-move/data-image/UK-geological-map.jpg>]

LaTeX Warning: Reference `fig-individual-ribwort-plantain' on page 12 undefined on input line 578.

<organisms-that-dont-move/data-image/individual-ribwort-plantain.png, id=86, 254.45062pt x 239.39438pt>
File: organisms-that-dont-move/data-image/individual-ribwort-plantain.png Graphic file (type png)
<use organisms-that-dont-move/data-image/individual-ribwort-plantain.png>
Package luatex.def Info: organisms-that-dont-move/data-image/individual-ribwort-plantain.png  used on input line 587.
(luatex.def)             Requested size: 254.45pt x 239.39378pt.

LaTeX Warning: Reference `fig-snakes-head-example' on page 12 undefined on input line 599.

<organisms-that-dont-move/data-image/hay-meadow-grid.png, id=87, 206.27063pt x 202.50656pt>
File: organisms-that-dont-move/data-image/hay-meadow-grid.png Graphic file (type png)
<use organisms-that-dont-move/data-image/hay-meadow-grid.png>
Package luatex.def Info: organisms-that-dont-move/data-image/hay-meadow-grid.png  used on input line 604.
(luatex.def)             Requested size: 206.27011pt x 202.50604pt.
<organisms-that-dont-move/data-image/snakes-head-fritillary.jpg, id=88, 94.85437pt x 107.65219pt>
File: organisms-that-dont-move/data-image/snakes-head-fritillary.jpg Graphic file (type jpg)
<use organisms-that-dont-move/data-image/snakes-head-fritillary.jpg>
Package luatex.def Info: organisms-that-dont-move/data-image/snakes-head-fritillary.jpg  used on input line 607.
(luatex.def)             Requested size: 94.85413pt x 107.65192pt.

Package amsmath Warning: Foreign command \over;
(amsmath)                \frac or \genfrac should be used instead
(amsmath)                 on input line 623.

[12] [13<./organisms-that-dont-move/data-image/individual-ribwort-plantain.png><./organisms-that-dont-move/data-image/hay-meadow-grid.png><./organisms-that-dont-move/data-image/snakes-head-fritillary.jpg>] [14] [15]
Underfull \hbox (badness 10000) in paragraph at lines 740--746

 []


LaTeX Warning: Reference `tbl-snakes-head' on page 16 undefined on input line 783.

[16]

LaTeX Warning: Reference `fig-snakes-head-example' on page 17 undefined on input line 815.

[17] [18] [19]
chapter 2.
[20

]

LaTeX Warning: Reference `fig-barnacles' on page 21 undefined on input line 1030.

<organisms-that-dont-move/data-image/barnacles.png, id=144, 233.87375pt x 156.585pt>
File: organisms-that-dont-move/data-image/barnacles.png Graphic file (type png)
<use organisms-that-dont-move/data-image/barnacles.png>
Package luatex.def Info: organisms-that-dont-move/data-image/barnacles.png  used on input line 1039.
(luatex.def)             Requested size: 233.87315pt x 156.58461pt.
[21] [22<./organisms-that-dont-move/data-image/barnacles.png>] [23]

LaTeX Warning: Reference `fig-quadrats' on page 24 undefined on input line 1196.

<organisms-that-dont-move/data-image/frame-quadrat.png, id=166, 120.45pt x 116.68594pt>
File: organisms-that-dont-move/data-image/frame-quadrat.png Graphic file (type png)
<use organisms-that-dont-move/data-image/frame-quadrat.png>
Package luatex.def Info: organisms-that-dont-move/data-image/frame-quadrat.png  used on input line 1201.
(luatex.def)             Requested size: 120.44969pt x 116.68564pt.
<organisms-that-dont-move/data-image/point-quadrat.png, id=167, 127.22531pt x 127.22531pt>
File: organisms-that-dont-move/data-image/point-quadrat.png Graphic file (type png)
<use organisms-that-dont-move/data-image/point-quadrat.png>
Package luatex.def Info: organisms-that-dont-move/data-image/point-quadrat.png  used on input line 1204.
(luatex.def)             Requested size: 127.22499pt x 127.22499pt.

LaTeX Warning: Reference `fig-daisies-and-dandelions' on page 24 undefined on input line 1225.

[24<./organisms-that-dont-move/data-image/frame-quadrat.png><./organisms-that-dont-move/data-image/point-quadrat.png>]
<organisms-that-dont-move/data-image/daisies-and-dandelions.jpg, id=176, 315.42844pt x 236.38312pt>
File: organisms-that-dont-move/data-image/daisies-and-dandelions.jpg Graphic file (type jpg)
<use organisms-that-dont-move/data-image/daisies-and-dandelions.jpg>
Package luatex.def Info: organisms-that-dont-move/data-image/daisies-and-dandelions.jpg  used on input line 1237.
(luatex.def)             Requested size: 315.42766pt x 236.38254pt.

LaTeX Warning: Reference `fig-old-growth-rainforest' on page 25 undefined on input line 1246.

<organisms-that-dont-move/data-image/old-growth-rainforest.jpg, id=177, 325.215pt x 243.91125pt>
File: organisms-that-dont-move/data-image/old-growth-rainforest.jpg Graphic file (type jpg)
<use organisms-that-dont-move/data-image/old-growth-rainforest.jpg>
Package luatex.def Info: organisms-that-dont-move/data-image/old-growth-rainforest.jpg  used on input line 1256.
(luatex.def)             Requested size: 325.2142pt x 243.91064pt.
[25<./organisms-that-dont-move/data-image/daisies-and-dandelions.jpg>] [26<./organisms-that-dont-move/data-image/old-growth-rainforest.jpg>] [27]
chapter 3.

LaTeX Warning: Reference `fig-clonal-correlation' on page 28 undefined on input line 1353.

<organisms-that-dont-move/organisms-that-dont-move-the-concept-of-the-individual_files/figure-pdf/fig-clonal-correlation-1.pdf, id=193, 397.485pt x 252.945pt>
File: organisms-that-dont-move/organisms-that-dont-move-the-concept-of-the-individual_files/figure-pdf/fig-clonal-correlation-1.pdf Graphic file (type pdf)
<use organisms-that-dont-move/organisms-that-dont-move-the-concept-of-the-individual_files/figure-pdf/fig-clonal-correlation-1.pdf>
Package luatex.def Info: organisms-that-dont-move/organisms-that-dont-move-the-concept-of-the-individual_files/figure-pdf/fig-clonal-correlation-1.pdf  used on input line 1363.
(luatex.def)             Requested size: 397.48402pt x 252.94438pt.

LaTeX Warning: Reference `fig-human-life-forms' on page 28 undefined on input line 1377.

<organisms-that-dont-move/data-image/human-life-forms.jpg, id=194, 310.91156pt x 146.79843pt>
File: organisms-that-dont-move/data-image/human-life-forms.jpg Graphic file (type jpg)
<use organisms-that-dont-move/data-image/human-life-forms.jpg>
Package luatex.def Info: organisms-that-dont-move/data-image/human-life-forms.jpg  used on input line 1387.
(luatex.def)             Requested size: 310.91078pt x 146.79807pt.

LaTeX Warning: Reference `fig-big-fish' on page 28 undefined on input line 1402.

<organisms-that-dont-move/data-image/big-ol-fish.jpg, id=195, 241.65282pt x 165.61874pt>
File: organisms-that-dont-move/data-image/big-ol-fish.jpg Graphic file (type jpg)
<use organisms-that-dont-move/data-image/big-ol-fish.jpg>
Package luatex.def Info: organisms-that-dont-move/data-image/big-ol-fish.jpg  used on input line 1408.
(luatex.def)             Requested size: 241.65222pt x 165.61833pt.
[28

] [29<./organisms-that-dont-move/organisms-that-dont-move-the-concept-of-the-individual_files/figure-pdf/fig-clonal-correlation-1.pdf><./organisms-that-dont-move/data-image/human-life-forms.jpg>]

LaTeX Warning: Reference `fig-plant-illustration' on page 30 undefined on input line 1438.

<organisms-that-dont-move/data-image/plant-illustration.jpg, id=214, 231.11343pt x 211.54031pt>
File: organisms-that-dont-move/data-image/plant-illustration.jpg Graphic file (type jpg)
<use organisms-that-dont-move/data-image/plant-illustration.jpg>
Package luatex.def Info: organisms-that-dont-move/data-image/plant-illustration.jpg  used on input line 1460.
(luatex.def)             Requested size: 231.11287pt x 211.53978pt.
[30<./organisms-that-dont-move/data-image/big-ol-fish.jpg>]

LaTeX Warning: Reference `fig-holly' on page 31 undefined on input line 1488.


LaTeX Warning: Reference `fig-ivy' on page 31 undefined on input line 1488.

<organisms-that-dont-move/data-image/holly-leaves-and-flowers.png, id=221, 243.91125pt x 190.46156pt>
File: organisms-that-dont-move/data-image/holly-leaves-and-flowers.png Graphic file (type png)
<use organisms-that-dont-move/data-image/holly-leaves-and-flowers.png>
Package luatex.def Info: organisms-that-dont-move/data-image/holly-leaves-and-flowers.png  used on input line 1494.
(luatex.def)             Requested size: 243.91064pt x 190.46107pt.

LaTeX Warning: Reference `fig-holly' on page 31 undefined on input line 1505.

<organisms-that-dont-move/data-image/ivy-flowers.png, id=222, 221.32687pt x 191.21437pt>
File: organisms-that-dont-move/data-image/ivy-flowers.png Graphic file (type png)
<use organisms-that-dont-move/data-image/ivy-flowers.png>
Package luatex.def Info: organisms-that-dont-move/data-image/ivy-flowers.png  used on input line 1516.
(luatex.def)             Requested size: 221.32631pt x 191.2139pt.

LaTeX Warning: Reference `fig-ivy' on page 31 undefined on input line 1526.

[31<./organisms-that-dont-move/data-image/plant-illustration.jpg>] [32<./organisms-that-dont-move/data-image/holly-leaves-and-flowers.png><./organisms-that-dont-move/data-image/ivy-flowers.png>]

LaTeX Warning: Reference `fig-pando' on page 33 undefined on input line 1542.

<organisms-that-dont-move/data-image/pando-the-trembling-giant.png, id=239, 342.5297pt x 191.9672pt>
File: organisms-that-dont-move/data-image/pando-the-trembling-giant.png Graphic file (type png)
<use organisms-that-dont-move/data-image/pando-the-trembling-giant.png>
Package luatex.def Info: organisms-that-dont-move/data-image/pando-the-trembling-giant.png  used on input line 1552.
(luatex.def)             Requested size: 342.52885pt x 191.96672pt.

LaTeX Warning: Reference `fig-dandelion' on page 33 undefined on input line 1570.

[33<./organisms-that-dont-move/data-image/pando-the-trembling-giant.png>]
<organisms-that-dont-move/data-image/common-dandelion.jpg, id=250, 266.49562pt x 199.49532pt>
File: organisms-that-dont-move/data-image/common-dandelion.jpg Graphic file (type jpg)
<use organisms-that-dont-move/data-image/common-dandelion.jpg>
Package luatex.def Info: organisms-that-dont-move/data-image/common-dandelion.jpg  used on input line 1586.
(luatex.def)             Requested size: 266.49496pt x 199.49481pt.

LaTeX Warning: Reference `fig-fungus' on page 34 undefined on input line 1601.

<organisms-that-dont-move/data-image/fungal-fruiting-body.png, id=251, 217.5628pt x 230.36063pt>
File: organisms-that-dont-move/data-image/fungal-fruiting-body.png Graphic file (type png)
<use organisms-that-dont-move/data-image/fungal-fruiting-body.png>
Package luatex.def Info: organisms-that-dont-move/data-image/fungal-fruiting-body.png  used on input line 1607.
(luatex.def)             Requested size: 217.56227pt x 230.36005pt.
[34<./organisms-that-dont-move/data-image/common-dandelion.jpg>] [35<./organisms-that-dont-move/data-image/fungal-fruiting-body.png>]
chapter 4.

LaTeX Warning: Reference `sec-plantago-practical' on page 36 undefined on input line 1631.


LaTeX Warning: Reference `fig-google-sheets-url' on page 36 undefined on input line 1648.

<organisms-that-dont-move/data-image/url-screenshot.png, id=264, 642.14906pt x 27.10126pt>
File: organisms-that-dont-move/data-image/url-screenshot.png Graphic file (type png)
<use organisms-that-dont-move/data-image/url-screenshot.png>
Package luatex.def Info: organisms-that-dont-move/data-image/url-screenshot.png  used on input line 1656.
(luatex.def)             Requested size: 642.14749pt x 27.10118pt.
[36

<./organisms-that-dont-move/data-image/url-screenshot.png>] [37]
<organisms-that-dont-move/organisms-that-dont-move-poisson-r-code_files/figure-pdf/unnamed-chunk-3-1.pdf, id=280, 397.485pt x 252.945pt>
File: organisms-that-dont-move/organisms-that-dont-move-poisson-r-code_files/figure-pdf/unnamed-chunk-3-1.pdf Graphic file (type pdf)
<use organisms-that-dont-move/organisms-that-dont-move-poisson-r-code_files/figure-pdf/unnamed-chunk-3-1.pdf>
Package luatex.def Info: organisms-that-dont-move/organisms-that-dont-move-poisson-r-code_files/figure-pdf/unnamed-chunk-3-1.pdf  used on input line 1730.
(luatex.def)             Requested size: 397.48402pt x 252.94438pt.
Missing character: There is no ≈ (U+2248) in font [lmmono10-regular]:!
[38
Missing character: There is no ≈ (U+2248) in font [lmmono10-regular]:!
<./organisms-that-dont-move/organisms-that-dont-move-poisson-r-code_files/figure-pdf/unnamed-chunk-3-1.pdf>]
Missing character: There is no ≥ (U+2265) in font [lmroman10-regular]:+tlig;!
Missing character: There is no ≥ (U+2265) in font [lmroman10-regular]:+tlig;!
Missing character: There is no ≥ (U+2265) in font [lmroman10-regular]:+tlig;!

LaTeX Warning: Command \^ invalid in math mode on input line 1790.

Missing character: There is no ̂ (U+0302) in font lmmi10!
Missing character: There is no ≤ (U+2264) in font [lmmono10-regular]:!
[39
Missing character: There is no ≥ (U+2265) in font [lmroman10-regular]:+tlig;!
Missing character: There is no ≤ (U+2264) in font [lmmono10-regular]:!
]
Missing character: There is no ≥ (U+2265) in font [lmmono10-regular]:!

LaTeX Warning: Reference `sec-poisson' on page 40 undefined on input line 1862.

[40
Missing character: There is no ≥ (U+2265) in font [lmmono10-regular]:!
]

LaTeX Warning: Reference `sec-poisson' on page 41 undefined on input line 1898.

[41]
<organisms-that-dont-move/organisms-that-dont-move-poisson-r-code_files/figure-pdf/unnamed-chunk-9-1.pdf, id=310, 397.485pt x 252.945pt>
File: organisms-that-dont-move/organisms-that-dont-move-poisson-r-code_files/figure-pdf/unnamed-chunk-9-1.pdf Graphic file (type pdf)
<use organisms-that-dont-move/organisms-that-dont-move-poisson-r-code_files/figure-pdf/unnamed-chunk-9-1.pdf>
Package luatex.def Info: organisms-that-dont-move/organisms-that-dont-move-poisson-r-code_files/figure-pdf/unnamed-chunk-9-1.pdf  used on input line 1923.
(luatex.def)             Requested size: 397.48402pt x 252.94438pt.
[42<./organisms-that-dont-move/organisms-that-dont-move-poisson-r-code_files/figure-pdf/unnamed-chunk-9-1.pdf>]
chapter 5.
LaTeX Font Info:    Font shape `TU/lmss/bx/it' in size <20.74> not available
(Font)              Font shape `TU/lmss/bx/sl' tried instead on input line 1936.
LaTeX Font Info:    Font shape `TU/lmss/bx/it' in size <14.4> not available
(Font)              Font shape `TU/lmss/bx/sl' tried instead on input line 1938.

LaTeX Warning: Reference `sec-poisson-r-code' on page 43 undefined on input line 1940.

[43

] [44]
<organisms-that-dont-move/organisms-that-dont-move-workshop-ver-2_files/figure-pdf/unnamed-chunk-5-1.pdf, id=336, 397.485pt x 252.945pt>
File: organisms-that-dont-move/organisms-that-dont-move-workshop-ver-2_files/figure-pdf/unnamed-chunk-5-1.pdf Graphic file (type pdf)
<use organisms-that-dont-move/organisms-that-dont-move-workshop-ver-2_files/figure-pdf/unnamed-chunk-5-1.pdf>
Package luatex.def Info: organisms-that-dont-move/organisms-that-dont-move-workshop-ver-2_files/figure-pdf/unnamed-chunk-5-1.pdf  used on input line 2086.
(luatex.def)             Requested size: 397.48402pt x 252.94438pt.
[45]
<organisms-that-dont-move/organisms-that-dont-move-workshop-ver-2_files/figure-pdf/unnamed-chunk-6-1.pdf, id=342, 397.485pt x 252.945pt>
File: organisms-that-dont-move/organisms-that-dont-move-workshop-ver-2_files/figure-pdf/unnamed-chunk-6-1.pdf Graphic file (type pdf)
<use organisms-that-dont-move/organisms-that-dont-move-workshop-ver-2_files/figure-pdf/unnamed-chunk-6-1.pdf>
Package luatex.def Info: organisms-that-dont-move/organisms-that-dont-move-workshop-ver-2_files/figure-pdf/unnamed-chunk-6-1.pdf  used on input line 2114.
(luatex.def)             Requested size: 397.48402pt x 252.94438pt.
[46<./organisms-that-dont-move/organisms-that-dont-move-workshop-ver-2_files/figure-pdf/unnamed-chunk-5-1.pdf>]
Missing character: There is no ≈ (U+2248) in font [lmmono10-regular]:!
[47
Missing character: There is no ≈ (U+2248) in font [lmmono10-regular]:!
<./organisms-that-dont-move/organisms-that-dont-move-workshop-ver-2_files/figure-pdf/unnamed-chunk-6-1.pdf>]

LaTeX Warning: Reference `sec-poisson-r-code' on page 48 undefined on input line 2151.


LaTeX Warning: Reference `sec-poisson-r-code' on page 48 undefined on input line 2186.

[48] [49]
part II.
Package scrkbase Info: You've told me to use the font selection of the element
(scrkbase)             `partprefix' that is an alias of element `partnumber'
(scrkbase)              on input line 2203.
[50

]

LaTeX Warning: Reference `sec-lincoln-petersen' on page 51 undefined on input line 2213.


LaTeX Warning: Reference `sec-limitations-lincoln-petersen' on page 51 undefined on input line 2216.


LaTeX Warning: Reference `sec-methods-sampling-animal-populations' on page 51 undefined on input line 2219.

[51]
chapter 6.

LaTeX Warning: Reference `fig-animals-we-might-count' on page 52 undefined on input line 2231.

<organisms-that-move/data-image/monarch-butterfly.png, id=380, 125.46875pt x 81.30376pt>
File: organisms-that-move/data-image/monarch-butterfly.png Graphic file (type png)
<use organisms-that-move/data-image/monarch-butterfly.png>
Package luatex.def Info: organisms-that-move/data-image/monarch-butterfly.png  used on input line 2267.
(luatex.def)             Requested size: 125.46843pt x 81.30354pt.
<organisms-that-move/data-image/insect-outbreak.png, id=381, 125.46875pt x 81.30376pt>
File: organisms-that-move/data-image/insect-outbreak.png Graphic file (type png)
<use organisms-that-move/data-image/insect-outbreak.png>
Package luatex.def Info: organisms-that-move/data-image/insect-outbreak.png  used on input line 2273.
(luatex.def)             Requested size: 125.46843pt x 81.30354pt.
<organisms-that-move/data-image/badger-badger-badger.png, id=382, 125.46875pt x 81.30376pt>
File: organisms-that-move/data-image/badger-badger-badger.png Graphic file (type png)
<use organisms-that-move/data-image/badger-badger-badger.png>
Package luatex.def Info: organisms-that-move/data-image/badger-badger-badger.png  used on input line 2274.
(luatex.def)             Requested size: 125.46843pt x 81.30354pt.

Underfull \hbox (badness 10000) in paragraph at lines 2273--2274
[][]
 []

[52

]

LaTeX Warning: Reference `fig-proxy' on page 53 undefined on input line 2321.

[53<./organisms-that-move/data-image/monarch-butterfly.png><./organisms-that-move/data-image/insect-outbreak.png><./organisms-that-move/data-image/badger-badger-badger.png>]
<organisms-that-move/data-image/yellowhammer.png, id=401, 116.435pt x 109.40875pt>
File: organisms-that-move/data-image/yellowhammer.png Graphic file (type png)
<use organisms-that-move/data-image/yellowhammer.png>
Package luatex.def Info: organisms-that-move/data-image/yellowhammer.png  used on input line 2336.
(luatex.def)             Requested size: 116.43471pt x 109.40846pt.
<organisms-that-move/data-image/animal-footprint.png, id=402, 162.6075pt x 108.405pt>
File: organisms-that-move/data-image/animal-footprint.png Graphic file (type png)
<use organisms-that-move/data-image/animal-footprint.png>
Package luatex.def Info: organisms-that-move/data-image/animal-footprint.png  used on input line 2343.
(luatex.def)             Requested size: 162.6071pt x 108.40472pt.
<organisms-that-move/data-image/faecal-sample.png, id=403, 89.33376pt x 109.40875pt>
File: organisms-that-move/data-image/faecal-sample.png Graphic file (type png)
<use organisms-that-move/data-image/faecal-sample.png>
Package luatex.def Info: organisms-that-move/data-image/faecal-sample.png  used on input line 2350.
(luatex.def)             Requested size: 89.33353pt x 109.40846pt.
[54<./organisms-that-move/data-image/yellowhammer.png><./organisms-that-move/data-image/animal-footprint.png><./organisms-that-move/data-image/faecal-sample.png>]

LaTeX Warning: Reference `fig-capture-release' on page 55 undefined on input line 2420.

<organisms-that-move/data-image/mark-capture-release.png, id=412, 453.19313pt x 79.04532pt>
File: organisms-that-move/data-image/mark-capture-release.png Graphic file (type png)
<use organisms-that-move/data-image/mark-capture-release.png>
Package luatex.def Info: organisms-that-move/data-image/mark-capture-release.png  used on input line 2441.
(luatex.def)             Requested size: 453.19202pt x 79.0451pt.
[55<./organisms-that-move/data-image/mark-capture-release.png>] [56] [57] [58]
chapter 7.
[59

]

LaTeX Warning: Reference `fig-snails-capture-mark' on page 60 undefined on input line 2650.

<organisms-that-move/data-image/snails-capture-mark.png, id=453, 453.19313pt x 108.405pt>
File: organisms-that-move/data-image/snails-capture-mark.png Graphic file (type png)
<use organisms-that-move/data-image/snails-capture-mark.png>
Package luatex.def Info: organisms-that-move/data-image/snails-capture-mark.png  used on input line 2665.
(luatex.def)             Requested size: 453.19202pt x 108.40472pt.
[60<./organisms-that-move/data-image/snails-capture-mark.png>]

LaTeX Warning: Reference `fig-jolly-mark-recapture' on page 61 undefined on input line 2695.

<organisms-that-move/data-image/jolly-mark-recapture.png, id=461, 452.69125pt x 206.7725pt>
File: organisms-that-move/data-image/jolly-mark-recapture.png Graphic file (type png)
<use organisms-that-move/data-image/jolly-mark-recapture.png>
Package luatex.def Info: organisms-that-move/data-image/jolly-mark-recapture.png  used on input line 2710.
(luatex.def)             Requested size: 452.69014pt x 206.77199pt.
[61<./organisms-that-move/data-image/jolly-mark-recapture.png>] [62]
chapter 8.

LaTeX Warning: Reference `fig-malaise-traps' on page 63 undefined on input line 2810.

<organisms-that-move/data-image/malaise-traps.png, id=475, 215.80624pt x 285.065pt>
File: organisms-that-move/data-image/malaise-traps.png Graphic file (type png)
<use organisms-that-move/data-image/malaise-traps.png>
Package luatex.def Info: organisms-that-move/data-image/malaise-traps.png  used on input line 2830.
(luatex.def)             Requested size: 215.80571pt x 285.0643pt.

LaTeX Warning: Reference `fig-water-and-sticky-traps' on page 63 undefined on input line 2839.


LaTeX Warning: Reference `fig-water-and-sticky-traps' on page 63 undefined on input line 2848.

[63

] [64<./organisms-that-move/data-image/malaise-traps.png>]
<organisms-that-move/data-image/water-trap.png, id=488, 191.71625pt x 137.51375pt>
File: organisms-that-move/data-image/water-trap.png Graphic file (type png)
<use organisms-that-move/data-image/water-trap.png>
Package luatex.def Info: organisms-that-move/data-image/water-trap.png  used on input line 2855.
(luatex.def)             Requested size: 191.71577pt x 137.51341pt.
<organisms-that-move/data-image/stick-trap.png, id=489, 191.71625pt x 135.50626pt>
File: organisms-that-move/data-image/stick-trap.png Graphic file (type png)
<use organisms-that-move/data-image/stick-trap.png>
Package luatex.def Info: organisms-that-move/data-image/stick-trap.png  used on input line 2858.
(luatex.def)             Requested size: 191.71577pt x 135.5059pt.

LaTeX Warning: Reference `fig-robinson-trap' on page 65 undefined on input line 2871.

<organisms-that-move/data-image/external-robinson-trap.png, id=490, 214.8025pt x 166.6225pt>
File: organisms-that-move/data-image/external-robinson-trap.png Graphic file (type png)
<use organisms-that-move/data-image/external-robinson-trap.png>
Package luatex.def Info: organisms-that-move/data-image/external-robinson-trap.png  used on input line 2882.
(luatex.def)             Requested size: 214.80197pt x 166.62209pt.
<organisms-that-move/data-image/internal-robinson-trap.png, id=491, 220.825pt x 165.61874pt>
File: organisms-that-move/data-image/internal-robinson-trap.png Graphic file (type png)
<use organisms-that-move/data-image/internal-robinson-trap.png>
Package luatex.def Info: organisms-that-move/data-image/internal-robinson-trap.png  used on input line 2885.
(luatex.def)             Requested size: 220.82445pt x 165.61833pt.
[65<./organisms-that-move/data-image/water-trap.png><./organisms-that-move/data-image/stick-trap.png>]

LaTeX Warning: Reference `fig-brevicollis-hedge' on page 66 undefined on input line 2940.

[66<./organisms-that-move/data-image/external-robinson-trap.png><./organisms-that-move/data-image/internal-robinson-trap.png>]
<organisms-that-move/data-image/brevicollis-hedge-distance.png, id=510, 453.19313pt x 210.03468pt>
File: organisms-that-move/data-image/brevicollis-hedge-distance.png Graphic file (type png)
<use organisms-that-move/data-image/brevicollis-hedge-distance.png>
Package luatex.def Info: organisms-that-move/data-image/brevicollis-hedge-distance.png  used on input line 2948.
(luatex.def)             Requested size: 453.19202pt x 210.03416pt.

LaTeX Warning: Reference `fig-trapping-methods' on page 67 undefined on input line 2973.

[67<./organisms-that-move/data-image/brevicollis-hedge-distance.png>]
<organisms-that-move/data-image/mist-nets.png, id=518, 198.7425pt x 140.525pt>
File: organisms-that-move/data-image/mist-nets.png Graphic file (type png)
<use organisms-that-move/data-image/mist-nets.png>
Package luatex.def Info: organisms-that-move/data-image/mist-nets.png  used on input line 2993.
(luatex.def)             Requested size: 198.742pt x 140.52464pt.
<organisms-that-move/data-image/longworth-traps.png, id=519, 167.62625pt x 141.52875pt>
File: organisms-that-move/data-image/longworth-traps.png Graphic file (type png)
<use organisms-that-move/data-image/longworth-traps.png>
Package luatex.def Info: organisms-that-move/data-image/longworth-traps.png  used on input line 2996.
(luatex.def)             Requested size: 167.62582pt x 141.5284pt.
<organisms-that-move/data-image/id-gps-tags.png, id=520, 185.69376pt x 123.46124pt>
File: organisms-that-move/data-image/id-gps-tags.png Graphic file (type png)
<use organisms-that-move/data-image/id-gps-tags.png>
Package luatex.def Info: organisms-that-move/data-image/id-gps-tags.png  used on input line 2999.
(luatex.def)             Requested size: 185.6933pt x 123.46092pt.
<organisms-that-move/data-image/motion-sensor-cameras.png, id=521, 176.66pt x 125.46875pt>
File: organisms-that-move/data-image/motion-sensor-cameras.png Graphic file (type png)
<use organisms-that-move/data-image/motion-sensor-cameras.png>
Package luatex.def Info: organisms-that-move/data-image/motion-sensor-cameras.png  used on input line 3002.
(luatex.def)             Requested size: 176.65956pt x 125.46843pt.

LaTeX Warning: Reference `fig-frog-calls' on page 68 undefined on input line 3018.

<organisms-that-move/data-image/frog.png, id=522, 138.5175pt x 185.69376pt>
File: organisms-that-move/data-image/frog.png Graphic file (type png)
<use organisms-that-move/data-image/frog.png>
Package luatex.def Info: organisms-that-move/data-image/frog.png  used on input line 3023.
(luatex.def)             Requested size: 138.51715pt x 185.6933pt.
<organisms-that-move/data-image/male-frog-calls.png, id=523, 297.11pt x 215.80624pt>
File: organisms-that-move/data-image/male-frog-calls.png Graphic file (type png)
<use organisms-that-move/data-image/male-frog-calls.png>
Package luatex.def Info: organisms-that-move/data-image/male-frog-calls.png  used on input line 3026.
(luatex.def)             Requested size: 297.10927pt x 215.80571pt.
[68<./organisms-that-move/data-image/mist-nets.png><./organisms-that-move/data-image/longworth-traps.png><./organisms-that-move/data-image/id-gps-tags.png><./organisms-that-move/data-image/motion-sensor-cameras.png>]

LaTeX Warning: Reference `fig-tiger' on page 69 undefined on input line 3072.

[69<./organisms-that-move/data-image/frog.png><./organisms-that-move/data-image/male-frog-calls.png>]
<organisms-that-move/data-image/tiger.png, id=542, 452.69125pt x 254.9525pt>
File: organisms-that-move/data-image/tiger.png Graphic file (type png)
<use organisms-that-move/data-image/tiger.png>
Package luatex.def Info: organisms-that-move/data-image/tiger.png  used on input line 3087.
(luatex.def)             Requested size: 452.69014pt x 254.95186pt.

LaTeX Warning: Reference `fig-tracking-tunnels' on page 70 undefined on input line 3099.


LaTeX Warning: Reference `fig-prints' on page 70 undefined on input line 3105.

<organisms-that-move/data-image/tracking-tunnels-diagram.png, id=543, 277.035pt x 148.555pt>
File: organisms-that-move/data-image/tracking-tunnels-diagram.png Graphic file (type png)
<use organisms-that-move/data-image/tracking-tunnels-diagram.png>
Package luatex.def Info: organisms-that-move/data-image/tracking-tunnels-diagram.png  used on input line 3110.
(luatex.def)             Requested size: 277.03432pt x 148.55463pt.
<organisms-that-move/data-image/tracking-tunnel-live.png, id=544, 161.85469pt x 173.14688pt>
File: organisms-that-move/data-image/tracking-tunnel-live.png Graphic file (type png)
<use organisms-that-move/data-image/tracking-tunnel-live.png>
Package luatex.def Info: organisms-that-move/data-image/tracking-tunnel-live.png  used on input line 3113.
(luatex.def)             Requested size: 161.85428pt x 173.14645pt.
[70<./organisms-that-move/data-image/tiger.png>]
<organisms-that-move/data-image/hedgehog-prints.png, id=553, 140.525pt x 120.45pt>
File: organisms-that-move/data-image/hedgehog-prints.png Graphic file (type png)
<use organisms-that-move/data-image/hedgehog-prints.png>
Package luatex.def Info: organisms-that-move/data-image/hedgehog-prints.png  used on input line 3128.
(luatex.def)             Requested size: 140.52464pt x 120.44969pt.
<organisms-that-move/data-image/rat-prints.png, id=554, 152.57pt x 125.46875pt>
File: organisms-that-move/data-image/rat-prints.png Graphic file (type png)
<use organisms-that-move/data-image/rat-prints.png>
Package luatex.def Info: organisms-that-move/data-image/rat-prints.png  used on input line 3131.
(luatex.def)             Requested size: 152.56963pt x 125.46843pt.
! Missing number, treated as zero.
<to be read again> 
b
l.3135 and burying beetle (right).}
                                 

Here is how much of LuaTeX's memory you used:
 27205 strings out of 475900
 100000,1373583 words of node,token memory allocated
 7525 words of node memory still in use:
   75 hlist, 8 vlist, 15 rule, 29 disc, 9 local_par, 3 dir, 8 math, 168 glue, 53 kern, 26 penalty, 5 margin_kern, 513 glyph, 115 attribute, 81 glue_spec, 115 attribute_list, 2 temp, 1 if_stack, 2 write, 2 pdf_dest, 1 pdf_action, 21 pdf_colorstack, 2 pdf_setmatrix, 2 pdf_save, 2 pdf_restore nodes
   avail lists: 1:2,2:679,3:726,4:352,5:320,6:32,7:5714,8:29,9:399,10:15,11:471,12:1
 49021 multiletter control sequences out of 65536+600000
 68 fonts using 19746519 bytes
 108i,10n,114p,11226b,671s stack positions out of 10000i,1000n,20000p,200000b,200000s
!  ==> Fatal error occurred, no output PDF file produced!
